******************************************************************************
                  TI ARM Linker PC v15.12.3                    
******************************************************************************
>> Linked Fri Jun 02 17:49:04 2017

OUTPUT FILE NAME:   <Fake_NFC_RTOS_Display.out>
ENTRY POINT SYMBOL: "_c_int00"  address: 00007dd5


MEMORY CONFIGURATION

         name            origin    length      used     unused   attr    fill
----------------------  --------  ---------  --------  --------  ----  --------
  FLASH                 00000000   00100000  0000d64a  000f29b6  R  X
  SRAM                  20000000   00040000  000084a6  00037b5a  RW X


SEGMENT ALLOCATION MAP

run origin  load origin   length   init length attrs members
----------  ----------- ---------- ----------- ----- -------
00000000    00000000    0000d654   0000d654    r-x
  00000000    00000000    0000003c   0000003c    r-- .resetVecs
  00000040    00000040    0000a402   0000a402    r-x .text
  0000a444    0000a444    00002ef0   00002ef0    r-- .const
  0000d338    0000d338    0000031c   0000031c    r-- .cinit
20000000    20000000    00000360   00000000    rw-
  20000000    20000000    00000360   00000000    rw- .vecs
20000400    20000400    00008146   00000000    rw-
  20000400    20000400    00006930   00000000    rw- .bss
  20006d30    20006d30    00001000   00000000    rw- .stack
  20007d30    20007d30    00000816   00000000    rw- .data


SECTION ALLOCATION MAP

 output                                  attributes/
section   page    origin      length       input sections
--------  ----  ----------  ----------   ----------------
.resetVecs 
*          0    00000000    0000003c     
                  00000000    0000003c     application_pem4f.oem4f (.resetVecs)

.text      0    00000040    0000a402     
                  00000040    00001110     rtsv7M4_T_le_v4SPD16_eabi.lib : _printfi.obj (.text)
                  00001150    00000430     sysbios.aem4f : BIOS.obj (.text:ti_sysbios_family_arm_m3_Hwi_excDumpRegs__I)
                  00001580    0000034c     ti.targets.arm.rtsarm.aem4f : System.oem4f (.text:xdc_runtime_System_doPrint__I)
                  000018cc    00000324     rtsv7M4_T_le_v4SPD16_eabi.lib : trgdrv.obj (.text)
                  00001bf0    0000030c                                   : lowlev.obj (.text)
                  00001efc    00000204     driverlib.lib : sysctl.obj (.text:SysCtlClockFreqSet)
                  00002100    00000204     Boot.aem4f : Boot_sysctl.oem4f (.text:ti_catalog_arm_cortexm4_tiva_ce_Boot_sysCtlClockFreqSetI__I)
                  00002304    00000004     driverlib.lib : ssi.obj (.text:SSIIntClear)
                  00002308    000001fc     sysbios.aem4f : BIOS.obj (.text:ti_sysbios_family_arm_m3_Hwi_excHandlerMax__I)
                  00002504    000001f4     rtsv7M4_T_le_v4SPD16_eabi.lib : ull_div_t2.obj (.text)
                  000026f8    000001c4                                   : fopen.obj (.text)
                  000028bc    000001b6                                   : fd_add_t2.obj (.text)
                  00002a72    00000002     drivers_tivaware.aem4f : SPITivaDMA.oem4f (.text:SPITivaDMA_serviceISR)
                  00002a74    000001a9     mqttnet.obj (.text:NetConnect)
                  00002c1d    00000001     --HOLE-- [fill = 0]
                  00002c1e    00000002     rtsv7M4_T_le_v4SPD16_eabi.lib : i_div0.obj (.text)
                  00002c20    00000194     mqtt_client.obj (.text:MqttClient_ReturnCodeToString)
                  00002db4    00000004     application_pem4f.oem4f (.text:ti_sysbios_BIOS_RtsGateProxy_enter__E)
                  00002db8    00000180     sysbios.aem4f : BIOS.obj (.text:ti_sysbios_knl_Semaphore_pend__E)
                  00002f38    0000017c                   : BIOS.obj (.text:ti_sysbios_family_arm_lm4_TimestampProvider_get64__E)
                  000030b4    00000004     application_pem4f.oem4f (.text:ti_sysbios_BIOS_RtsGateProxy_leave__E)
                  000030b8    00000174     sysbios.aem4f : BIOS.obj (.text:ti_sysbios_family_arm_m3_Hwi_excBusFault__I)
                  0000322c    0000016f     mqttnet.obj (.text:NetRead)
                  0000339b    00000001     --HOLE-- [fill = 0]
                  0000339c    00000004     sysbios.aem4f : BIOS.obj (.text:ti_sysbios_family_arm_lm4_Timer_masterEnable__I)
                  000033a0    00000164                   : BIOS.obj (.text:ti_sysbios_family_arm_m3_Hwi_excUsageFault__I)
                  00003504    00000150     drivers_tivaware.aem4f : GPIOTiva.oem4f (.text:GPIO_setConfig)
                  00003654    00000004     application_pem4f.oem4f (.text:ti_sysbios_family_arm_m3_Hwi_destruct)
                  00003658    00000148     sysbios.aem4f : BIOS.obj (.text:ti_sysbios_family_arm_m3_Hwi_excMemFault__I)
                  000037a0    00000144     oled_task.obj (.text:oled_init)
                  000038e4    00000004     application_pem4f.oem4f (.text:ti_sysbios_family_arm_m3_TaskSupport_Module__startupDone__S)
                  000038e8    00000144     sysbios.aem4f : BIOS.obj (.text:ti_sysbios_family_arm_m3_Hwi_dispatchC__I)
                  00003a2c    00000138     application_pem4f.oem4f (.text:ti_uia_loggers_LoggerStopMode_writeMemoryRange__E)
                  00003b64    00000136     rtsv7M4_T_le_v4SPD16_eabi.lib : fd_div_t2.obj (.text)
                  00003c9a    00000002     application_pem4f.oem4f (.text:ti_sysbios_BIOS_nullFunc__I)
                  00003c9c    00000134     rtsv7M4_T_le_v4SPD16_eabi.lib : fputs.obj (.text)
                  00003dd0    00000134     sysbios.aem4f : BIOS.obj (.text:ti_sysbios_knl_Clock_workFunc__E)
                  00003f04    00000130     driverlib.lib : gpio.obj (.text:GPIOPadConfigSet)
                  00004034    00000004     application_pem4f.oem4f (.text:ti_sysbios_heaps_HeapMem_Module_GateProxy_enter__E)
                  00004038    0000011c     sysbios.aem4f : BIOS.obj (.text:ti_sysbios_knl_Swi_run__I)
                  00004154    00000118     ti.targets.arm.rtsarm.aem4f : Error.oem4f (.text:xdc_runtime_Error_policyDefault__E)
                  0000426c    00000004     application_pem4f.oem4f (.text:ti_sysbios_heaps_HeapMem_Module_GateProxy_leave__E)
                  00004270    00000110     sysbios.aem4f : BIOS.obj (.text:ti_sysbios_knl_Task_schedule__I)
                  00004380    0000010c     application_pem4f.oem4f (.text:ti_uia_loggers_LoggerStopMode_write8__E)
                  0000448c    00000004     application_pem4f.oem4f (.text:ti_sysbios_knl_Clock_TimerProxy_getMaxTicks__E)
                  00004490    00000108     sysbios.aem4f : BIOS.obj (.text:ti_sysbios_family_arm_lm4_Timer_start__E)
                  00004598    00000104                   : BIOS.obj (.text:ti_sysbios_knl_Task_Instance_finalize__E)
                  0000469c    00000100     ti.targets.arm.rtsarm.aem4f : Core-mem.oem4f (.text:xdc_runtime_Core_createObject__I)
                  0000479c    000000fc     mqtt_rk.obj (.text:init_mqtt_conn)
                  00004898    000000fc     rtsv7M4_T_le_v4SPD16_eabi.lib : fd_mul_t2.obj (.text)
                  00004994    000000fc                                   : s_scalbn.obj (.text)
                  00004a90    000000fc     sysbios.aem4f : BIOS.obj (.text:ti_sysbios_knl_Task_startCore__E)
                  00004b8c    000000f8     ti.targets.arm.rtsarm.aem4f : Startup.oem4f (.text:xdc_runtime_Startup_startMods__I)
                  00004c84    000000f8     application_pem4f.oem4f (.text:xdc_runtime_System_printfExtend__I)
                  00004d7c    000000f4     sysbios.aem4f : m3_Hwi_asm.obj (.text:ti_sysbios_family_arm_m3_Hwi_dispatch__I)
                  00004e70    000000f4                   : BIOS.obj (.text:ti_sysbios_knl_Task_Instance_init__E)
                  00004f64    000000f4     application_pem4f.oem4f (.text:ti_uia_loggers_LoggerStopMode_write4__E)
                  00005058    000000f0     sysbios.aem4f : BIOS.obj (.text:ti_sysbios_knl_Task_sleep__E)
                  00005148    000000ec                   : BIOS.obj (.text:ti_sysbios_knl_Task_postInit__I)
                  00005234    000000e8     application_pem4f.oem4f (.text:ti_uia_loggers_LoggerStopMode_write2__E)
                  0000531c    000000e4     application_pem4f.oem4f (.text:ti_uia_loggers_LoggerStopMode_write1__E)
                  00005400    000000dc     rtsv7M4_T_le_v4SPD16_eabi.lib : setvbuf.obj (.text)
                  000054dc    000000d8     drivers_tivaware.aem4f : SPITivaDMA.oem4f (.text:SPITivaDMA_open)
                  000055b4    00000004     application_pem4f.oem4f (.text:ti_sysbios_knl_Clock_TimerProxy_getPeriod__E)
                  000055b8    000000d8     sysbios.aem4f : BIOS.obj (.text:ti_sysbios_family_arm_lm4_TimestampProvider_get32__E)
                  00005690    000000d8     application_pem4f.oem4f (.text:ti_uia_loggers_LoggerStopMode_write0__E)
                  00005768    000000d0     hardware.obj (.text:init_hardware)
                  00005838    000000cc     EK_TM4C1294XL.obj (.text:EK_TM4C1294XL_initGeneral)
                  00005904    00000004     application_pem4f.oem4f (.text:ti_sysbios_knl_Queue_destruct)
                  00005908    000000cc     sysbios.aem4f : BIOS.obj (.text:ti_sysbios_heaps_HeapMem_alloc__E)
                  000059d4    000000cc     ti.targets.arm.rtsarm.aem4f : Core-smem.oem4f (.text:xdc_runtime_Core_constructObject__I)
                  00005aa0    000000c8     rtsv7M4_T_le_v4SPD16_eabi.lib : fflush.obj (.text)
                  00005b68    000000c8     sysbios.aem4f : BIOS.obj (.text:ti_sysbios_knl_Task_exit__E)
                  00005c30    000000c4                   : BIOS.obj (.text:ti_sysbios_knl_Semaphore_post__E)
                  00005cf4    000000c0     drivers_tivaware.aem4f : SPITivaDMA.oem4f (.text:SPITivaDMA_configDMA)
                  00005db4    00000004     application_pem4f.oem4f (.text:ti_sysbios_knl_Semaphore_destruct)
                  00005db8    000000bc     sysbios.aem4f : BIOS.obj (.text:ti_sysbios_family_arm_m3_Hwi_excDebugMon__I)
                  00005e74    00000004     ti.uia.loggers.aem4f : LoggerStopMode.oem4f (.text:ti_uia_loggers_LoggerStopMode_getContents__E)
                  00005e78    000000bc     sysbios.aem4f : BIOS.obj (.text:ti_sysbios_family_arm_m3_Hwi_excHardFault__I)
                  00005f34    00000004     application_pem4f.oem4f (.text:ti_uia_loggers_LoggerStopMode_getFilterLevel__E)
                  00005f38    000000bc     sysbios.aem4f : BIOS.obj (.text:ti_sysbios_utils_Load_updateLoads__E)
                  00005ff4    00000004     ti.uia.loggers.aem4f : LoggerStopMode.oem4f (.text:ti_uia_loggers_LoggerStopMode_getInstanceId__E)
                  00005ff8    000000b8     sysbios.aem4f : BIOS.obj (.text:ti_sysbios_knl_Task_unblockI__E)
                  000060b0    000000b4                   : BIOS.obj (.text:ti_sysbios_knl_Task_checkStacks__E)
                  00006164    000000b0     StartBIOS.obj (.text:tskCreateHook)
                  00006214    000000ac     mqttnet.obj (.text:NetWrite)
                  000062c0    000000ac     rtsv7M4_T_le_v4SPD16_eabi.lib : _io_perm.obj (.text)
                  0000636c    00000004     ti.uia.loggers.aem4f : LoggerStopMode.oem4f (.text:ti_uia_loggers_LoggerStopMode_getMaxLength__E)
                  00006370    000000ac     sysbios.aem4f : BIOS.obj (.text:ti_sysbios_family_arm_lm4_Timer_enableTiva__I)
                  0000641c    00000004     ti.uia.loggers.aem4f : LoggerStopMode.oem4f (.text:ti_uia_loggers_LoggerStopMode_getPriority__E)
                  00006420    000000ac     sysbios.aem4f : BIOS.obj (.text:ti_sysbios_knl_Swi_post__E)
                  000064cc    00000004     ti.uia.loggers.aem4f : LoggerStopMode.oem4f (.text:ti_uia_loggers_LoggerStopMode_getTransferType__E)
                  000064d0    000000a8     sysbios.aem4f : BIOS.obj (.text:ti_sysbios_knl_Task_blockI__E)
                  00006578    000000a4     driverlib.lib : gpio.obj (.text:GPIOPadConfigGet)
                  0000661c    000000a4     drivers_tivaware.aem4f : SPITivaDMA.oem4f (.text:SPITivaDMA_initHw)
                  000066c0    000000a0     auto_init.aem4f : auto_init.oem4f (.text)
                  00006760    000000a0     ti.targets.arm.rtsarm.aem4f : Text.oem4f (.text:xdc_runtime_Text_putMod__E)
                  00006800    0000009c     rtsv7M4_T_le_v4SPD16_eabi.lib : memcpy_t2.obj (.text)
                  0000689c    0000009a     ti.targets.arm.rtsarm.aem4f : Text.oem4f (.text:xdc_runtime_Text_putSite__E)
                  00006936    00000002     application_pem4f.oem4f (.text:ti_uia_loggers_LoggerStopMode_setFilterLevel__E)
                  00006938    00000098     rtsv7M4_T_le_v4SPD16_eabi.lib : fclose.obj (.text)
                  000069d0    00000098                                   : fputc.obj (.text)
                  00006a68    00000098     Boot.aem4f : Boot.oem4f (.text:ti_catalog_arm_cortexm4_tiva_ce_Boot_sysCtlClockFreqSet__E)
                  00006b00    00000094     sysbios.aem4f : BIOS.obj (.text:ti_sysbios_family_arm_m3_Hwi_Instance_init__E)
                  00006b94    00000004     ti.targets.arm.rtsarm.aem4f : Error.oem4f (.text:xdc_runtime_Error_getSite__E)
                  00006b98    00000094     sysbios.aem4f : BIOS.obj (.text:ti_sysbios_family_arm_m3_Hwi_initNVIC__E)
                  00006c2c    00000004     application_pem4f.oem4f (.text:xdc_runtime_System_Module_GateProxy_enter__E)
                  00006c30    00000090     sysbios.aem4f : BIOS.obj (.text:ti_sysbios_knl_Task_Module_startup__E)
                  00006cc0    00000090     ti.uia.loggers.aem4f : LoggerStopMode.oem4f (.text:ti_uia_loggers_LoggerStopMode_initQueueDescriptor__E)
                  00006d50    0000008c     drivers_tivaware.aem4f : GPIOTiva.oem4f (.text:GPIO_init)
                  00006ddc    0000008c     mqtt_socket.obj (.text:MqttSocket_Connect)
                  00006e68    0000008c     sysbios.aem4f : m3_TaskSupport_asm.obj (.text:ti_sysbios_family_arm_m3_TaskSupport_buildTaskStack)
                  00006ef4    00000088     EK_TM4C1294XL.obj (.text:EK_TM4C1294XL_initDMA)
                  00006f7c    00000086     rtsv7M4_T_le_v4SPD16_eabi.lib : fd_cmp_t2.obj (.text:__aeabi_cdcmple)
                  00007002    00000086                                   : fd_cmp_t2.obj (.text:__aeabi_cdrcmple)
                  00007088    00000084     sysbios.aem4f : BIOS.obj (.text:ti_sysbios_family_arm_m3_Hwi_postInit__I)
                  0000710c    00000084     driverlib.lib : udma.obj (.text:uDMAChannelTransferSet)
                  00007190    0000007c     sysbios.aem4f : BIOS.obj (.text:ti_sysbios_heaps_HeapMem_free__E)
                  0000720c    0000007a     rtsv7M4_T_le_v4SPD16_eabi.lib : memset_t2.obj (.text)
                  00007286    00000002     ti.uia.loggers.aem4f : LoggerStopMode.oem4f (.text:ti_uia_loggers_LoggerStopMode_setPriority__E)
                  00007288    00000077     mqtt_rk.obj (.text:set_mqtt_args)
                  000072ff    00000001     --HOLE-- [fill = 0]
                  00007300    00000074     ti.uia.runtime.aem4f : QueueDescriptor.oem4f (.text:ti_uia_runtime_QueueDescriptor_addToList__E)
                  00007374    00000070     rtsv7M4_T_le_v4SPD16_eabi.lib : printf.obj (.text)
                  000073e4    0000006e     mqtt_client.obj (.text:MqttClient_Init)
                  00007452    00000002     application_pem4f.oem4f (.text:xdc_runtime_Startup_reset__I)
                  00007454    0000006d     ti.targets.arm.rtsarm.aem4f : System.oem4f (.text:xdc_runtime_System_formatNum__I)
                  000074c1    00000003     --HOLE-- [fill = 0]
                  000074c4    0000006c     StartBIOS.obj (.text:main)
                  00007530    0000006c     sysbios.aem4f : BIOS.obj (.text:ti_sysbios_knl_Swi_restoreHwi__E)
                  0000759c    0000006c     ti.targets.arm.rtsarm.aem4f : Error.oem4f (.text:xdc_runtime_Error_print__E)
                  00007608    0000006c                                 : Memory.oem4f (.text:xdc_runtime_Memory_alloc__E)
                  00007674    0000006a     rtsv7M4_T_le_v4SPD16_eabi.lib : copy_decompress_rle.obj (.text)
                  000076de    00000002     --HOLE-- [fill = 0]
                  000076e0    00000068     mqttnet.obj (.text:MqttClientNet_Init)
                  00007748    00000068     rtsv7M4_T_le_v4SPD16_eabi.lib : trgmsg.obj (.text)
                  000077b0    00000066     ti.uia.loggers.aem4f : LoggerStopMode.oem4f (.text:ti_uia_loggers_LoggerStopMode_flush__E)
                  00007816    00000066     ti.targets.arm.rtsarm.aem4f : Core-mem.oem4f (.text:xdc_runtime_Core_deleteObject__I)
                  0000787c    00000064     drivers_tivaware.aem4f : GPIOTiva.oem4f (.text:GPIO_hwiIntFxn)
                  000078e0    00000064     rtsv7M4_T_le_v4SPD16_eabi.lib : fseek.obj (.text)
                  00007944    00000064                                   : s_frexp.obj (.text)
                  000079a8    00000064     oled_task.obj (.text:setup_oled_task)
                  00007a0c    00000004     application_pem4f.oem4f (.text:xdc_runtime_System_Module_GateProxy_leave__E)
                  00007a10    00000064     sysbios.aem4f : BIOS.obj (.text:ti_sysbios_family_arm_lm4_Timer_Module_startup__E)
                  00007a74    00000064     application_pem4f.oem4f (.text:ti_sysbios_family_arm_m3_Hwi_create)
                  00007ad8    00000064     sysbios.aem4f : BIOS.obj (.text:ti_sysbios_utils_Load_idleFxn__E)
                  00007b3c    00000062     drivers_tivaware.aem4f : SPITivaDMA.oem4f (.text:SPITivaDMA_transfer)
                  00007b9e    00000002     --HOLE-- [fill = 0]
                  00007ba0    00000060     oled_task.obj (.text:oled_command)
                  00007c00    00000060     sysbios.aem4f : BIOS.obj (.text:ti_sysbios_knl_Clock_logTick__E)
                  00007c60    00000060                   : BIOS.obj (.text:ti_sysbios_utils_Load_logCPULoad__I)
                  00007cc0    0000005c                   : BIOS.obj (.text:ti_sysbios_knl_Swi_schedule__I)
                  00007d1c    0000005c     application_pem4f.oem4f (.text:ti_sysbios_knl_Task_create)
                  00007d78    0000005b     ti.targets.arm.rtsarm.aem4f : Text.oem4f (.text:xdc_runtime_Text_putLab__E)
                  00007dd3    00000001     --HOLE-- [fill = 0]
                  00007dd4    00000058     boot.aem4f : boot.oem4f (.text)
                  00007e2c    00000058     application_pem4f.oem4f (.text:ti_sysbios_family_arm_m3_Hwi_construct)
                  00007e84    00000058     sysbios.aem4f : m3_Hwi_asm_switch.obj (.text:ti_sysbios_family_arm_m3_Hwi_initStacks__E)
                  00007edc    00000056     driverlib.lib : gpio.obj (.text:GPIOIntTypeSet)
                  00007f32    00000056     rtsv7M4_T_le_v4SPD16_eabi.lib : ltoa.obj (.text)
                  00007f88    00000054                                   : exit.obj (.text)
                  00007fdc    00000054     mqttnet.obj (.text:setup_timeout)
                  00008030    00000054     sysbios.aem4f : BIOS.obj (.text:ti_sysbios_family_arm_lm4_Timer_initDevice__I)
                  00008084    00000004     ti.targets.arm.rtsarm.aem4f : System.oem4f (.text:xdc_runtime_System_aprintf_va__F)
                  00008088    00000054     sysbios.aem4f : BIOS.obj (.text:ti_sysbios_heaps_HeapBuf_Module_startup__E)
                  000080dc    00000054     ti.targets.arm.rtsarm.aem4f : Assert.oem4f (.text:xdc_runtime_Assert_raise__I)
                  00008130    00000050     drivers_tivaware.aem4f : GPIOTiva.oem4f (.text:GPIO_setCallback)
                  00008180    00000050     driverlib.lib : sysctl.obj (.text:SysCtlPeripheralReset)
                  000081d0    00000050     Boot.aem4f : Boot_sysctl.oem4f (.text:_SysCtlFrequencyGet)
                  00008220    00000050     sysbios.aem4f : BIOS.obj (.text:ti_sysbios_family_arm_m3_Hwi_Module_startup__E)
                  00008270    00000050     ti.targets.arm.rtsarm.aem4f : Startup.oem4f (.text:xdc_runtime_Startup_exec__E)
                  000082c0    00000050                                 : Text.oem4f (.text:xdc_runtime_Text_visitRope2__I)
                  00008310    0000004c     rtsv7M4_T_le_v4SPD16_eabi.lib : atoi.obj (.text)
                  0000835c    0000004c                                   : cpy_tbl.obj (.text)
                  000083a8    0000004c     sysbios.aem4f : BIOS.obj (.text:ti_sysbios_heaps_HeapBuf_postInit__I)
                  000083f4    00000004     ti.targets.arm.rtsarm.aem4f : System.oem4f (.text:xdc_runtime_System_printf_va__F)
                  000083f8    0000004c     sysbios.aem4f : BIOS.obj (.text:ti_sysbios_heaps_HeapMem_getStats__E)
                  00008444    00000004     --HOLE-- [fill = 0]
                  00008448    0000004c                   : BIOS.obj (.text:ti_sysbios_knl_Swi_runLoop__I)
                  00008494    00000004     --HOLE-- [fill = 0]
                  00008498    0000004c                   : BIOS.obj (.text:ti_sysbios_knl_Task_allBlockedFunction__I)
                  000084e4    0000004c     ti.uia.loggers.aem4f : LoggerStopMode.oem4f (.text:ti_uia_loggers_LoggerStopMode_Module_startup__E)
                  00008530    00000048     EK_TM4C1294XL.obj (.text:EK_TM4C1294XL_initSPI)
                  00008578    00000048     driverlib.lib : gpio.obj (.text:GPIOPinConfigure)
                  000085c0    00000048     mqtt_socket.obj (.text:MqttSocket_Init)
                  00008608    00000048     driverlib.lib : sysctl.obj (.text:_SysCtlFrequencyGet)
                  00008650    00000048     rtsv7M4_T_le_v4SPD16_eabi.lib : fd_toi_t2.obj (.text)
                  00008698    00000048     sysbios.aem4f : BIOS.obj (.text:ti_sysbios_family_arm_lm4_Timer_enableTimers__I)
                  000086e0    00000048                   : BIOS.obj (.text:ti_sysbios_family_arm_m3_Hwi_disableInterrupt__E)
                  00008728    00000048                   : BIOS.obj (.text:ti_sysbios_family_arm_m3_Hwi_enableInterrupt__E)
                  00008770    00000048                   : BIOS.obj (.text:ti_sysbios_family_arm_m3_Hwi_excReserved__I)
                  000087b8    00000048                   : BIOS.obj (.text:ti_sysbios_knl_Mailbox_Module_startup__E)
                  00008800    00000046     ti.targets.arm.rtsarm.aem4f : Core-params.oem4f (.text:xdc_runtime_Core_assignParams__I)
                  00008846    00000044     drivers_tivaware.aem4f : SPITivaDMA.oem4f (.text:SPITivaDMA_hwiFxn)
                  0000888a    00000006     driverlib.lib : gpio.obj (.text:GPIOIntClear)
                  00008890    00000044     sysbios.aem4f : BIOS.obj (.text:ti_sysbios_family_arm_lm4_Timer_isrStub__E)
                  000088d4    00000004     --HOLE-- [fill = 0]
                  000088d8    00000044                   : BIOS.obj (.text:ti_sysbios_family_arm_m3_Hwi_getStackInfo__E)
                  0000891c    00000004     --HOLE-- [fill = 0]
                  00008920    00000044                   : BIOS.obj (.text:ti_sysbios_knl_Mailbox_postInit__I)
                  00008964    00000044     ti.uia.loggers.aem4f : LoggerStopMode.oem4f (.text:ti_uia_loggers_LoggerStopMode_initBuffer__I)
                  000089a8    00000044     ti.targets.arm.rtsarm.aem4f : Error.oem4f (.text:xdc_runtime_Error_setX__E)
                  000089ec    00000044                                 : SysMin.oem4f (.text:xdc_runtime_SysMin_flush__E)
                  00008a30    00000044                                 : Text.oem4f (.text:xdc_runtime_Text_xprintf__I)
                  00008a74    00000042     oled_task.obj (.text:OLED_C_Beckground)
                  00008ab6    00000042     drivers_tivaware.aem4f : SPITivaDMA.oem4f (.text:SPITivaDMA_transferCancel)
                  00008af8    00000040     oled_task.obj (.text:oled_function)
                  00008b38    00000040     rtsv7M4_T_le_v4SPD16_eabi.lib : u_divt2.obj (.text)
                  00008b78    00000040     sysbios.aem4f : BIOS.obj (.text:ti_sysbios_family_arm_lm4_Timer_startup__E)
                  00008bb8    00000040                   : BIOS.obj (.text:ti_sysbios_heaps_HeapMem_Instance_init__E)
                  00008bf8    0000003c     oled_task.obj (.text:OLED_C_MemorySize)
                  00008c34    0000003c     drivers_tivaware.aem4f : SPITivaDMA.oem4f (.text:SPITivaDMA_close)
                  00008c70    0000003c     driverlib.lib : ssi.obj (.text:SSIConfigSetExpClk)
                  00008cac    0000003c     EK_TM4C1294XL.obj (.text:dmaErrorHwi)
                  00008ce8    0000003c     sysbios.aem4f : BIOS.obj (.text:ti_sysbios_family_arm_m3_Hwi_excSvCall__I)
                  00008d24    00000004     --HOLE-- [fill = 0]
                  00008d28    0000003c                   : BIOS.obj (.text:ti_sysbios_heaps_HeapMem_init__I)
                  00008d64    00000004     --HOLE-- [fill = 0]
                  00008d68    0000003c                   : BIOS.obj (.text:ti_sysbios_knl_Swi_restore__E)
                  00008da4    00000038     drivers_tivaware.aem4f : SPI.oem4f (.text:SPI_init)
                  00008ddc    00000038     oled_task.obj (.text:oled_data)
                  00008e14    00000004     --HOLE-- [fill = 0]
                  00008e18    00000038     sysbios.aem4f : BIOS.obj (.text:ti_sysbios_family_arm_m3_Hwi_excNoIsr__I)
                  00008e50    00000038                   : BIOS.obj (.text:ti_sysbios_knl_Task_processVitalTaskFlag__I)
                  00008e88    00000038     ti.targets.arm.rtsarm.aem4f : SysMin.oem4f (.text:xdc_runtime_SysMin_putch__E)
                  00008ec0    00000038                                 : System.oem4f (.text:xdc_runtime_System_atexit__E)
                  00008ef8    00000034     driverlib.lib : sysctl.obj (.text:SysCtlPeripheralEnable)
                  00008f2c    00000004     --HOLE-- [fill = 0]
                  00008f30    00000034     sysbios.aem4f : BIOS.obj (.text:ti_sysbios_family_arm_m3_Hwi_Instance_finalize__E)
                  00008f64    00000004     --HOLE-- [fill = 0]
                  00008f68    00000034                   : BIOS.obj (.text:ti_sysbios_family_arm_m3_Hwi_excNmi__I)
                  00008f9c    00000004     --HOLE-- [fill = 0]
                  00008fa0    00000034                   : BIOS.obj (.text:ti_sysbios_hal_Hwi_checkStack)
                  00008fd4    00000034     ti.uia.loggers.aem4f : LoggerStopMode.oem4f (.text:ti_uia_loggers_LoggerStopMode_reset__E)
                  00009008    00000034     ti.targets.arm.rtsarm.aem4f : Core-label.oem4f (.text:xdc_runtime_Core_assignLabel__I)
                  0000903c    00000033                                 : Text.oem4f (.text:xdc_runtime_Text_printVisFxn__I)
                  0000906f    00000001     --HOLE-- [fill = 0]
                  00009070    00000032     mqttnet.obj (.text:NetDisconnect)
                  000090a2    00000006     driverlib.lib : gpio.obj (.text:GPIOPinWrite)
                  000090a8    00000032     sysbios.aem4f : BIOS.obj (.text:ti_sysbios_hal_Hwi_initStack)
                  000090da    00000006     drivers_tivaware.aem4f : SPITivaDMA.oem4f (.text:SPITivaDMA_control)
                  000090e0    00000032     sysbios.aem4f : BIOS.obj (.text:ti_sysbios_knl_Semaphore_pendTimeout__I)
                  00009112    00000002     --HOLE-- [fill = 0]
                  00009114    00000030     oled_task.obj (.text:DDRAM_access)
                  00009144    00000030     drivers_tivaware.aem4f : GPIOTiva.oem4f (.text:GPIO_enableInt)
                  00009174    00000030     rtsv7M4_T_le_v4SPD16_eabi.lib : strncpy.obj (.text)
                  000091a4    00000030     application_pem4f.oem4f (.text:ti_sysbios_BIOS_atExitFunc__I)
                  000091d4    00000004     --HOLE-- [fill = 0]
                  000091d8    00000030     sysbios.aem4f : BIOS.obj (.text:ti_sysbios_family_arm_lm4_Timer_stop__E)
                  00009208    00000030                   : BIOS.obj (.text:ti_sysbios_family_arm_m3_TaskSupport_start__E)
                  00009238    00000030     application_pem4f.oem4f (.text:ti_sysbios_gates_GateHwi_Object__create__S)
                  00009268    00000030     application_pem4f.oem4f (.text:ti_sysbios_gates_GateMutex_Object__create__S)
                  00009298    00000030     sysbios.aem4f : BIOS.obj (.text:ti_sysbios_gates_GateMutex_enter__E)
                  000092c8    00000030     application_pem4f.oem4f (.text:ti_sysbios_heaps_HeapMem_Object__create__S)
                  000092f8    00000030     application_pem4f.oem4f (.text:ti_sysbios_knl_Semaphore_construct)
                  00009328    00000030     sysbios.aem4f : BIOS.obj (.text:ti_sysbios_utils_Load_updateCurrentThreadTime__E)
                  00009358    00000030     application_pem4f.oem4f (.text:ti_uia_loggers_LoggerStopMode_Object__create__S)
                  00009388    00000030     ti.targets.arm.rtsarm.aem4f : SysMin.oem4f (.text:xdc_runtime_SysMin_abort__E)
                  000093b8    00000030                                 : System.oem4f (.text:xdc_runtime_System_processAtExit__E)
                  000093e8    0000002e     application_pem4f.oem4f (.text:malloc)
                  00009416    0000002e     rtsv7M4_T_le_v4SPD16_eabi.lib : i_tofd_t2.obj (.text)
                  00009444    0000002c     application_pem4f.oem4f (.text:ti_sysbios_knl_Clock_doTick__I)
                  00009470    0000002c     application_pem4f.oem4f (.text:ti_sysbios_knl_Queue_construct)
                  0000949c    00000004     --HOLE-- [fill = 0]
                  000094a0    0000002c     sysbios.aem4f : BIOS.obj (.text:ti_sysbios_knl_Task_restore__E)
                  000094cc    0000002c     driverlib.lib : udma.obj (.text:uDMAChannelAssign)
                  000094f8    0000002c     ti.targets.arm.rtsarm.aem4f : Text.oem4f (.text:xdc_runtime_Text_cordText__E)
                  00009524    0000002a     driverlib.lib : gpio.obj (.text:GPIODirModeSet)
                  0000954e    0000002a     mqtt_client.obj (.text:MqttClient_NetConnect)
                  00009578    0000002a     ti.targets.arm.rtsarm.aem4f : System.oem4f (.text:xdc_runtime_System_putchar__I)
                  000095a2    00000002     --HOLE-- [fill = 0]
                  000095a4    00000028     oled_task.obj (.text:init_interrupts)
                  000095cc    00000004     --HOLE-- [fill = 0]
                  000095d0    00000028     sysbios.aem4f : BIOS.obj (.text:ti_sysbios_knl_Clock_addI__E)
                  000095f8    00000028                   : BIOS.obj (.text:ti_sysbios_knl_Swi_Module_startup__E)
                  00009620    00000026     mqttnet.obj (.text:FD_SET)
                  00009646    00000026     sysbios.aem4f : m3_Hwi_asm.obj (.text:ti_sysbios_family_arm_m3_Hwi_pendSV__I)
                  0000966c    00000026     ti.targets.arm.rtsarm.aem4f : System.oem4f (.text:xdc_runtime_System_avprintf__E)
                  00009692    00000002     --HOLE-- [fill = 0]
                  00009694    00000024     application_pem4f.oem4f (.text:ti_sysbios_BIOS_registerRTSLock__I)
                  000096b8    00000024     application_pem4f.oem4f (.text:ti_sysbios_BIOS_removeRTSLock__I)
                  000096dc    00000024     application_pem4f.oem4f (.text:ti_sysbios_BIOS_startFunc__I)
                  00009700    00000024     application_pem4f.oem4f (.text:ti_sysbios_gates_GateMutex_Object__delete__S)
                  00009724    00000004     --HOLE-- [fill = 0]
                  00009728    00000024     sysbios.aem4f : BIOS.obj (.text:ti_sysbios_knl_Clock_Module_startup__E)
                  0000974c    00000004     --HOLE-- [fill = 0]
                  00009750    00000024                   : BIOS.obj (.text:ti_sysbios_knl_Semaphore_Instance_init__E)
                  00009774    00000004     --HOLE-- [fill = 0]
                  00009778    00000024                   : BIOS.obj (.text:ti_sysbios_knl_Task_restoreHwi__E)
                  0000979c    00000024     driverlib.lib : udma.obj (.text:uDMAChannelControlSet)
                  000097c0    00000024     ti.targets.arm.rtsarm.aem4f : System.oem4f (.text:xdc_runtime_System_vprintf__E)
                  000097e4    00000022     mqttnet.obj (.text:getsockopt)
                  00009806    00000022     mqttnet.obj (.text:select)
                  00009828    00000022     mqttnet.obj (.text:setsockopt)
                  0000984a    00000006     drivers_tivaware.aem4f : SPITivaDMA.oem4f (.text:SPITivaDMA_transferCallback)
                  00009850    00000022     sysbios.aem4f : BIOS.obj (.text:ti_sysbios_family_arm_lm4_Timer_write__I)
                  00009872    00000022     application_pem4f.oem4f (.text:xdc_runtime_SysMin_output__I)
                  00009894    00000020     Boot.aem4f : Boot_sysctl.oem4f (.text:_SysCtlMemTimingGet)
                  000098b4    00000020     rtsv7M4_T_le_v4SPD16_eabi.lib : memchr.obj (.text)
                  000098d4    00000020     oled_task.obj (.text:spi_write)
                  000098f4    00000020     application_pem4f.oem4f (.text:ti_sysbios_BIOS_rtsLock__I)
                  00009914    00000004     --HOLE-- [fill = 0]
                  00009918    00000020     sysbios.aem4f : BIOS.obj (.text:ti_sysbios_family_arm_m3_Hwi_clearInterrupt__E)
                  00009938    00000020                   : m3_Hwi_asm.obj (.text:ti_sysbios_family_arm_m3_Hwi_excHandlerAsm__I)
                  00009958    00000020                   : BIOS.obj (.text:ti_sysbios_family_arm_m3_Hwi_excHandler__I)
                  00009978    00000020     application_pem4f.oem4f (.text:ti_sysbios_gates_GateHwi_Object__delete__S)
                  00009998    00000020     application_pem4f.oem4f (.text:ti_sysbios_heaps_HeapMem_Object__delete__S)
                  000099b8    00000020     sysbios.aem4f : BIOS.obj (.text:ti_sysbios_knl_Idle_run__E)
                  000099d8    00000020     application_pem4f.oem4f (.text:ti_sysbios_knl_Semaphore_Object__destruct__S)
                  000099f8    00000020     application_pem4f.oem4f (.text:ti_uia_loggers_LoggerStopMode_Object__delete__S)
                  00009a18    00000020     ti.targets.arm.rtsarm.aem4f : Registry.oem4f (.text:xdc_runtime_Registry_findById__E)
                  00009a38    00000020                                 : SysMin.oem4f (.text:xdc_runtime_SysMin_Module_startup__E)
                  00009a58    0000001e     mqttnet.obj (.text:recv)
                  00009a76    0000001e     mqttnet.obj (.text:send)
                  00009a94    0000001e     application_pem4f.oem4f (.text:ti_sysbios_BIOS_errorRaiseHook__I)
                  00009ab2    0000001e     sysbios.aem4f : m3_Hwi_asm_switch.obj (.text:ti_sysbios_family_xxx_Hwi_switchAndRunFunc)
                  00009ad0    0000001c     driverlib.lib : sysctl.obj (.text:_SysCtlMemTimingGet)
                  00009aec    0000001c     drivers_tivaware.aem4f : GPIOTiva.oem4f (.text:getGpioIntIndex)
                  00009b08    0000001c     rtsv7M4_T_le_v4SPD16_eabi.lib : memccpy.obj (.text)
                  00009b24    0000001c     application_pem4f.oem4f (.text:ti_sysbios_family_arm_m3_Hwi_Object__destruct__S)
                  00009b40    0000001c     sysbios.aem4f : BIOS.obj (.text:ti_sysbios_gates_GateMutex_Instance_init__E)
                  00009b5c    0000001c     application_pem4f.oem4f (.text:ti_sysbios_knl_Queue_Object__destruct__S)
                  00009b78    0000001c     sysbios.aem4f : BIOS.obj (.text:ti_sysbios_knl_Queue_put__E)
                  00009b94    00000004     --HOLE-- [fill = 0]
                  00009b98    0000001c                   : BIOS.obj (.text:ti_sysbios_knl_Task_enter__I)
                  00009bb4    0000001c     ti.uia.loggers.aem4f : LoggerStopMode.oem4f (.text:ti_uia_loggers_LoggerStopMode_Instance_init__E)
                  00009bd0    0000001c     ti.targets.arm.rtsarm.aem4f : Error.oem4f (.text:xdc_runtime_Error_raiseX__E)
                  00009bec    0000001c                                 : Memory.oem4f (.text:xdc_runtime_Memory_valloc__E)
                  00009c08    0000001c                                 : SysMin.oem4f (.text:xdc_runtime_SysMin_exit__E)
                  00009c24    0000001c                                 : System.oem4f (.text:xdc_runtime_System_abort__E)
                  00009c40    0000001a     application_pem4f.oem4f (.text:ti_sysbios_family_arm_m3_Hwi_Handle__label__S)
                  00009c5a    0000001a     application_pem4f.oem4f (.text:ti_sysbios_gates_GateHwi_Handle__label__S)
                  00009c74    0000001a     application_pem4f.oem4f (.text:ti_sysbios_gates_GateMutex_Handle__label__S)
                  00009c8e    0000001a     application_pem4f.oem4f (.text:ti_sysbios_heaps_HeapMem_Handle__label__S)
                  00009ca8    0000001a     application_pem4f.oem4f (.text:ti_sysbios_knl_Swi_Handle__label__S)
                  00009cc2    0000001a     application_pem4f.oem4f (.text:ti_sysbios_knl_Task_Handle__label__S)
                  00009cdc    00000004     --HOLE-- [fill = 0]
                  00009ce0    0000001a     sysbios.aem4f : BIOS.obj (.text:ti_sysbios_knl_Task_sleepTimeout__I)
                  00009cfa    0000001a     application_pem4f.oem4f (.text:ti_uia_loggers_LoggerStopMode_Handle__label__S)
                  00009d14    0000001a     application_pem4f.oem4f (.text:xdc_runtime_System_aprintf__E)
                  00009d2e    0000001a     application_pem4f.oem4f (.text:xdc_runtime_System_printf__E)
                  00009d48    00000018     driverlib.lib : gpio.obj (.text:GPIOPinTypeGPIOOutput)
                  00009d60    00000018     application_pem4f.oem4f (.text:free)
                  00009d78    00000018     rtsv7M4_T_le_v4SPD16_eabi.lib : args_main.obj (.text)
                  00009d90    00000018                                   : strcmp.obj (.text)
                  00009da8    00000018     application_pem4f.oem4f (.text:ti_sysbios_BIOS_rtsUnlock__I)
                  00009dc0    00000018     application_pem4f.oem4f (.text:ti_sysbios_family_arm_lm4_Timer_Module__startupDone__F)
                  00009dd8    00000018     application_pem4f.oem4f (.text:ti_sysbios_family_arm_m3_Hwi_Module__startupDone__F)
                  00009df0    00000018     sysbios.aem4f : m3_TaskSupport_asm.obj (.text:ti_sysbios_family_arm_m3_TaskSupport_swap__E)
                  00009e08    00000018                   : BIOS.obj (.text:ti_sysbios_gates_GateMutex_leave__E)
                  00009e20    00000018     driverlib.lib : udma.obj (.text:uDMAChannelDisable)
                  00009e38    00000018                   : udma.obj (.text:uDMAChannelEnable)
                  00009e50    00000018                   : udma.obj (.text:uDMAChannelIsEnabled)
                  00009e68    00000018     ti.targets.arm.rtsarm.aem4f : Error.oem4f (.text:xdc_runtime_Error_check__E)
                  00009e80    00000018                                 : System.oem4f (.text:xdc_runtime_System_exit__E)
                  00009e98    00000018                                 : Text.oem4f (.text:xdc_runtime_Text_ropeText__E)
                  00009eb0    00000016     rtsv7M4_T_le_v4SPD16_eabi.lib : strchr.obj (.text)
                  00009ec6    00000016     application_pem4f.oem4f (.text:ti_sysbios_BIOS_exitFunc__I)
                  00009edc    00000016     EK_TM4C1294XL.obj (.text:ti_sysbios_family_arm_m3_Hwi_Params_init)
                  00009ef2    00000016     StartBIOS.obj (.text:ti_sysbios_knl_Task_Handle_name)
                  00009f08    00000016     oled_task.obj (.text:ti_sysbios_knl_Task_Params_init)
                  00009f1e    00000016     ti.uia.loggers.aem4f : LoggerStopMode.oem4f (.text:ti_uia_loggers_LoggerStopMode_disable__E)
                  00009f34    00000016                          : LoggerStopMode.oem4f (.text:ti_uia_loggers_LoggerStopMode_enable__E)
                  00009f4a    00000014     mqttnet.obj (.text:connect)
                  00009f5e    00000002     --HOLE-- [fill = 0]
                  00009f60    00000014     rtsv7M4_T_le_v4SPD16_eabi.lib : _lock.obj (.text)
                  00009f74    00000014                                   : s_copysign.obj (.text)
                  00009f88    00000014                                   : strcpy.obj (.text)
                  00009f9c    00000014                                   : strlen.obj (.text)
                  00009fb0    00000014     mqttnet.obj (.text:socket)
                  00009fc4    00000014     application_pem4f.oem4f (.text:ti_sysbios_family_arm_m3_Hwi_Object__get__S)
                  00009fd8    00000014     sysbios.aem4f : BIOS.obj (.text:ti_sysbios_family_arm_m3_Hwi_switchFromBootStack__E)
                  00009fec    00000014     application_pem4f.oem4f (.text:ti_sysbios_heaps_HeapMem_Object__get__S)
                  0000a000    00000014     application_pem4f.oem4f (.text:ti_sysbios_knl_Task_Object__get__S)
                  0000a014    00000014     application_pem4f.oem4f (.text:ti_uia_loggers_LoggerStopMode_Object__get__S)
                  0000a028    00000012     driverlib.lib : gpio.obj (.text:GPIOPinTypeSSI)
                  0000a03a    00000012                   : ssi.obj (.text:SSIDataGetNonBlocking)
                  0000a04c    00000004     --HOLE-- [fill = 0]
                  0000a050    00000012     sysbios.aem4f : BIOS.obj (.text:ti_sysbios_hal_Hwi_Module_startup__E)
                  0000a062    00000006     driverlib.lib : ssi.obj (.text:SSIClockSourceSet)
                  0000a068    00000012     sysbios.aem4f : BIOS.obj (.text:ti_sysbios_hal_Timer_Module_startup__E)
                  0000a07a    00000012     application_pem4f.oem4f (.text:xdc_runtime_Startup_exec__I)
                  0000a08c    00000010     application_pem4f.oem4f (.text:.bootCodeSection:ti_catalog_arm_cortexm4_tiva_ce_Boot_init__I)
                  0000a09c    00000010     mqttnet.obj (.text:FD_ISSET)
                  0000a0ac    00000010     mqttnet.obj (.text:FD_ZERO)
                  0000a0bc    00000004     --HOLE-- [fill = 0]
                  0000a0c0    00000010     sysbios.aem4f : BIOS.obj (.text:ti_sysbios_BIOS_getCpuFreq__E)
                  0000a0d0    00000010                   : BIOS.obj (.text:ti_sysbios_BIOS_setThreadType__E)
                  0000a0e0    00000010                   : BIOS.obj (.text:ti_sysbios_BIOS_start__E)
                  0000a0f0    00000010                   : BIOS.obj (.text:ti_sysbios_family_arm_lm4_TimestampProvider_rolloverFunc__E)
                  0000a100    00000010                   : m3_TaskSupport_asm.obj (.text:ti_sysbios_family_arm_m3_TaskSupport_glue)
                  0000a110    00000010                   : BIOS.obj (.text:ti_sysbios_gates_GateMutex_Instance_finalize__E)
                  0000a120    00000010                   : BIOS.obj (.text:ti_sysbios_knl_Semaphore_Instance_finalize__E)
                  0000a130    00000010     application_pem4f.oem4f (.text:ti_sysbios_knl_Swi_Object__get__S)
                  0000a140    00000010     sysbios.aem4f : BIOS.obj (.text:ti_sysbios_knl_Swi_disable__E)
                  0000a150    00000010                   : BIOS.obj (.text:ti_sysbios_knl_Task_disable__E)
                  0000a160    00000010     ti.uia.loggers.aem4f : LoggerStopMode.oem4f (.text:ti_uia_loggers_LoggerStopMode_isEmpty__E)
                  0000a170    00000010     driverlib.lib : udma.obj (.text:uDMAEnable)
                  0000a180    00000010     ti.targets.arm.rtsarm.aem4f : Gate.oem4f (.text:xdc_runtime_Gate_leaveSystem__E)
                  0000a190    00000010                                 : Memory.oem4f (.text:xdc_runtime_Memory_free__E)
                  0000a1a0    00000010                                 : SysMin.oem4f (.text:xdc_runtime_SysMin_ready__E)
                  0000a1b0    00000010                                 : System.oem4f (.text:xdc_runtime_System_vsnprintf__E)
                  0000a1c0    00000010     application_pem4f.oem4f (.text:xdc_runtime_Text_visitRope__I)
                  0000a1d0    0000000e     driverlib.lib : gpio.obj (.text:GPIOIntStatus)
                  0000a1de    0000000e     rtsv7M4_T_le_v4SPD16_eabi.lib : copy_decompress_none.obj (.text:decompress:none)
                  0000a1ec    0000000e     oled_task.obj (.text:fake_auth)
                  0000a1fa    0000000e     oled_task.obj (.text:good_auth)
                  0000a208    0000000e     application_pem4f.oem4f (.text:ti_sysbios_heaps_HeapBuf_Object__get__S)
                  0000a216    00000002     --HOLE-- [fill = 0]
                  0000a218    0000000e     sysbios.aem4f : BIOS.obj (.text:ti_sysbios_knl_Idle_loop__E)
                  0000a226    0000000e     application_pem4f.oem4f (.text:ti_sysbios_knl_Mailbox_Object__get__S)
                  0000a234    00000004     --HOLE-- [fill = 0]
                  0000a238    0000000e     sysbios.aem4f : BIOS.obj (.text:ti_sysbios_knl_Queue_empty__E)
                  0000a246    0000000c     driverlib.lib : gpio.obj (.text:GPIOIntEnable)
                  0000a252    0000000c     mqttnet.obj (.text:close)
                  0000a25e    00000002     --HOLE-- [fill = 0]
                  0000a260    0000000c     sysbios.aem4f : BIOS.obj (.text:ti_sysbios_family_arm_lm4_Timer_getMaxTicks__E)
                  0000a26c    00000004     --HOLE-- [fill = 0]
                  0000a270    0000000c                   : BIOS.obj (.text:ti_sysbios_family_arm_lm4_TimestampProvider_startTimer__E)
                  0000a27c    0000000c     application_pem4f.oem4f (.text:ti_sysbios_family_arm_m3_Hwi_Params__init__S)
                  0000a288    0000000c     sysbios.aem4f : BIOS.obj (.text:ti_sysbios_family_arm_m3_Hwi_disableFxn__E)
                  0000a294    00000004     --HOLE-- [fill = 0]
                  0000a298    0000000c                   : BIOS.obj (.text:ti_sysbios_family_arm_m3_TaskSupport_checkStack__E)
                  0000a2a4    00000004     --HOLE-- [fill = 0]
                  0000a2a8    0000000c                   : BIOS.obj (.text:ti_sysbios_family_arm_m3_TaskSupport_getStackAlignment__E)
                  0000a2b4    00000004     --HOLE-- [fill = 0]
                  0000a2b8    0000000c                   : BIOS.obj (.text:ti_sysbios_gates_GateHwi_enter__E)
                  0000a2c4    0000000c     application_pem4f.oem4f (.text:ti_sysbios_knl_Queue_Object__get__S)
                  0000a2d0    0000000c     application_pem4f.oem4f (.text:ti_sysbios_knl_Semaphore_Params__init__S)
                  0000a2dc    0000000c     application_pem4f.oem4f (.text:ti_sysbios_knl_Task_Params__init__S)
                  0000a2e8    0000000c     driverlib.lib : udma.obj (.text:uDMAControlBaseSet)
                  0000a2f4    0000000c                   : udma.obj (.text:uDMAErrorStatusClear)
                  0000a300    0000000c                   : udma.obj (.text:uDMAErrorStatusGet)
                  0000a30c    0000000c                   : udma.obj (.text:uDMAIntStatus)
                  0000a318    0000000c     ti.targets.arm.rtsarm.aem4f : Error.oem4f (.text:xdc_runtime_Error_init__E)
                  0000a324    0000000c                                 : Gate.oem4f (.text:xdc_runtime_Gate_enterSystem__E)
                  0000a330    0000000c                                 : Memory.oem4f (.text:xdc_runtime_Memory_calloc__E)
                  0000a33c    0000000c                                 : Memory.oem4f (.text:xdc_runtime_Memory_getMaxDefaultTypeAlign__E)
                  0000a348    0000000a     drivers_tivaware.aem4f : SPITivaDMA.oem4f (.text:SPITivaDMA_init)
                  0000a352    0000000a     driverlib.lib : ssi.obj (.text:SSIDMADisable)
                  0000a35c    0000000a                   : ssi.obj (.text:SSIDataPut)
                  0000a366    0000000a                   : ssi.obj (.text:SSIDisable)
                  0000a370    0000000a                   : ssi.obj (.text:SSIEnable)
                  0000a37a    0000000a                   : ssi.obj (.text:SSIIntDisable)
                  0000a384    0000000a     application_pem4f.oem4f (.text:xdc_runtime_IHeap_alloc)
                  0000a38e    0000000a     application_pem4f.oem4f (.text:xdc_runtime_IHeap_free)
                  0000a398    00000008     EK_TM4C1294XL.obj (.text:EK_TM4C1294XL_initGPIO)
                  0000a3a0    00000008     driverlib.lib : ssi.obj (.text:SSIBusy)
                  0000a3a8    00000008                   : ssi.obj (.text:SSIDMAEnable)
                  0000a3b0    00000008                   : ssi.obj (.text:SSIIntEnable)
                  0000a3b8    00000008     sysbios.aem4f : BIOS.obj (.text:ti_sysbios_family_arm_lm4_Timer_masterDisable__I)
                  0000a3c0    00000008                   : BIOS.obj (.text:ti_sysbios_family_arm_m3_Hwi_doSwiRestore__I)
                  0000a3c8    00000008                   : BIOS.obj (.text:ti_sysbios_family_arm_m3_Hwi_startup__E)
                  0000a3d0    00000006     driverlib.lib : sysctl.obj (.text:SysCtlDelay)
                  0000a3d6    00000006     rtsv7M4_T_le_v4SPD16_eabi.lib : copy_decompress_rle.obj (.text:decompress:rle24)
                  0000a3dc    00000004     --HOLE-- [fill = 0]
                  0000a3e0    00000006     sysbios.aem4f : BIOS.obj (.text:ti_sysbios_family_arm_lm4_TimestampProvider_Module_startup__E)
                  0000a3e6    00000002     --HOLE-- [fill = 0]
                  0000a3e8    00000006                   : BIOS.obj (.text:ti_sysbios_family_arm_m3_Hwi_doTaskRestore__I)
                  0000a3ee    00000002     --HOLE-- [fill = 0]
                  0000a3f0    00000006                   : BIOS.obj (.text:ti_sysbios_family_arm_m3_Hwi_restoreFxn__E)
                  0000a3f6    00000002     --HOLE-- [fill = 0]
                  0000a3f8    00000006                   : BIOS.obj (.text:ti_sysbios_gates_GateHwi_leave__E)
                  0000a3fe    00000002     --HOLE-- [fill = 0]
                  0000a400    00000006                   : BIOS.obj (.text:ti_sysbios_heaps_HeapMem_isBlocking__E)
                  0000a406    00000002     --HOLE-- [fill = 0]
                  0000a408    00000006                   : BIOS.obj (.text:ti_sysbios_knl_Queue_Instance_init__E)
                  0000a40e    00000002     --HOLE-- [fill = 0]
                  0000a410    00000006                   : BIOS.obj (.text:ti_sysbios_knl_Swi_startup__E)
                  0000a416    00000006     ti.targets.arm.rtsarm.aem4f : System.oem4f (.text:xdc_runtime_System_Module_startup__E)
                  0000a41c    00000004     --HOLE-- [fill = 0]
                  0000a420    00000004     sysbios.aem4f : BIOS.obj (.text:ti_sysbios_family_arm_lm4_Timer_getPeriod__E)
                  0000a424    00000004     --HOLE-- [fill = 0]
                  0000a428    00000004                   : BIOS.obj (.text:ti_sysbios_gates_GateHwi_query__E)
                  0000a42c    00000004     --HOLE-- [fill = 0]
                  0000a430    00000004                   : BIOS.obj (.text:ti_sysbios_gates_GateMutex_query__E)
                  0000a434    00000004     --HOLE-- [fill = 0]
                  0000a438    00000004                   : BIOS.obj (.text:ti_sysbios_knl_Task_startup__E)
                  0000a43c    00000004     --HOLE-- [fill = 0]
                  0000a440    00000002                   : BIOS.obj (.text:ti_sysbios_gates_GateHwi_Instance_init__E)

.const     0    0000a444    00002ef0     
                  0000a444    000020f5     application_pem4f.oem4f (.const:xdc_runtime_Text_charTab__A)
                  0000c539    00000001     application_pem4f.oem4f (.const:xdc_runtime_Error_policy__C)
                  0000c53a    00000002     application_pem4f.oem4f (.const:ti_catalog_arm_cortexm4_tiva_ce_Boot_Module__id__C)
                  0000c53c    00000120     Boot.aem4f : Boot_sysctl.oem4f (.const:g_pppui32XTALtoVCO)
                  0000c65c    00000120     driverlib.lib : sysctl.obj (.const:g_pppui32XTALtoVCO)
                  0000c77c    00000118     application_pem4f.oem4f (.const:xdc_runtime_Text_nodeTab__A)
                  0000c894    00000101     rtsv7M4_T_le_v4SPD16_eabi.lib : ctype.obj (.const:.string:_ctypes_)
                  0000c995    00000001     --HOLE-- [fill = 0]
                  0000c996    00000002     application_pem4f.oem4f (.const:ti_sysbios_family_arm_lm4_TimestampProvider_useClockTimer__C)
                  0000c998    00000090     driverlib.lib : gpio.obj (.const:g_pui32GPIOBaseAddrs)
                  0000ca28    0000006c     Boot.aem4f : Boot_sysctl.oem4f (.const:g_pui32Xtals)
                  0000ca94    0000006c     driverlib.lib : sysctl.obj (.const:g_pui32Xtals)
                  0000cb00    00000064     drivers_tivaware.aem4f : SPITivaDMA.oem4f (.const)
                  0000cb64    00000060     application_pem4f.oem4f (.const:ti_uia_loggers_LoggerStopMode_Module__FXNS__C)
                  0000cbc4    00000054     drivers_tivaware.aem4f : GPIOTiva.oem4f (.const:.string)
                  0000cc18    00000048     application_pem4f.oem4f (.const:.string)
                  0000cc60    00000048     drivers_tivaware.aem4f : GPIOTiva.oem4f (.const:gpioBaseAddresses)
                  0000cca8    0000003c     application_pem4f.oem4f (.const:ti_sysbios_knl_Task_Object__PARAMS__C)
                  0000cce4    00000034     application_pem4f.oem4f (.const:xdc_runtime_Startup_sfxnTab__A)
                  0000cd18    00000030     Boot.aem4f : Boot_sysctl.oem4f (.const:g_sXTALtoMEMTIM)
                  0000cd48    00000030     driverlib.lib : sysctl.obj (.const:g_sXTALtoMEMTIM)
                  0000cd78    00000030     application_pem4f.oem4f (.const:ti_sysbios_family_arm_m3_Hwi_Object__PARAMS__C)
                  0000cda8    00000028     EK_TM4C1294XL.obj (.const:spiTivaDMAHWAttrs)
                  0000cdd0    00000028     application_pem4f.oem4f (.const:ti_sysbios_heaps_HeapMem_Module__FXNS__C)
                  0000cdf8    00000028     application_pem4f.oem4f (.const:ti_uia_loggers_LoggerStopMode_Object__PARAMS__C)
                  0000ce20    00000024     application_pem4f.oem4f (.const:ti_sysbios_gates_GateHwi_Module__FXNS__C)
                  0000ce44    00000024     application_pem4f.oem4f (.const:ti_sysbios_gates_GateMutex_Module__FXNS__C)
                  0000ce68    00000024     application_pem4f.oem4f (.const:ti_sysbios_heaps_HeapMem_Object__PARAMS__C)
                  0000ce8c    00000024     application_pem4f.oem4f (.const:ti_sysbios_knl_Semaphore_Object__PARAMS__C)
                  0000ceb0    00000020     application_pem4f.oem4f (.const:ti_sysbios_family_arm_m3_Hwi_Object__DESC__C)
                  0000ced0    00000020     application_pem4f.oem4f (.const:ti_sysbios_gates_GateHwi_Object__DESC__C)
                  0000cef0    00000020     application_pem4f.oem4f (.const:ti_sysbios_gates_GateMutex_Object__DESC__C)
                  0000cf10    00000020     application_pem4f.oem4f (.const:ti_sysbios_heaps_HeapMem_Object__DESC__C)
                  0000cf30    00000020     application_pem4f.oem4f (.const:ti_sysbios_knl_Queue_Object__DESC__C)
                  0000cf50    00000020     application_pem4f.oem4f (.const:ti_sysbios_knl_Semaphore_Object__DESC__C)
                  0000cf70    00000020     application_pem4f.oem4f (.const:ti_sysbios_knl_Task_Object__DESC__C)
                  0000cf90    00000020     application_pem4f.oem4f (.const:ti_uia_loggers_LoggerStopMode_Object__DESC__C)
                  0000cfb0    0000001a     application_pem4f.oem4f (.const:xdc_runtime_Startup_sfxnRts__A)
                  0000cfca    00000002     application_pem4f.oem4f (.const:ti_sysbios_family_arm_m3_Hwi_Module__id__C)
                  0000cfcc    00000018     EK_TM4C1294XL.obj (.const:SPI_config)
                  0000cfe4    00000018     application_pem4f.oem4f (.const:ti_sysbios_gates_GateHwi_Object__PARAMS__C)
                  0000cffc    00000018     application_pem4f.oem4f (.const:ti_sysbios_gates_GateMutex_Object__PARAMS__C)
                  0000d014    00000018     application_pem4f.oem4f (.const:ti_sysbios_knl_Queue_Object__PARAMS__C)
                  0000d02c    00000018     application_pem4f.oem4f (.const:ti_sysbios_knl_Task_hooks__A)
                  0000d044    00000014     EK_TM4C1294XL.obj (.const:GPIOTiva_config)
                  0000d058    00000014     application_pem4f.oem4f (.const:xdc_runtime_Startup_firstFxns__A)
                  0000d06c    00000008     Boot.aem4f : Boot_sysctl.oem4f (.const)
                  0000d074    00000008     driverlib.lib : sysctl.obj (.const)
                  0000d07c    00000008     application_pem4f.oem4f (.const:ti_sysbios_family_arm_m3_Hwi_excHookFuncs__A)
                  0000d084    00000008     application_pem4f.oem4f (.const:ti_sysbios_knl_Idle_funcList__A)
                  0000d08c    00000008     application_pem4f.oem4f (.const:ti_sysbios_knl_Idle_funcList__C)
                  0000d094    00000008     application_pem4f.oem4f (.const:ti_sysbios_knl_Task_hooks__C)
                  0000d09c    00000008     application_pem4f.oem4f (.const:xdc_runtime_Startup_firstFxns__C)
                  0000d0a4    00000008     application_pem4f.oem4f (.const:xdc_runtime_Startup_lastFxns__C)
                  0000d0ac    00000004     application_pem4f.oem4f (.const:ti_catalog_arm_cortexm4_tiva_ce_Boot_A_mustNotUseEnhancedClockMode__C)
                  0000d0b0    00000004     application_pem4f.oem4f (.const:ti_catalog_arm_cortexm4_tiva_ce_Boot_Module__diagsEnabled__C)
                  0000d0b4    00000004     application_pem4f.oem4f (.const:ti_catalog_arm_cortexm4_tiva_ce_Boot_Module__diagsIncluded__C)
                  0000d0b8    00000004     application_pem4f.oem4f (.const:ti_catalog_arm_cortexm4_tiva_ce_Boot_Module__diagsMask__C)
                  0000d0bc    00000004     application_pem4f.oem4f (.const:ti_sysbios_family_arm_lm4_Timer_enableFunc__C)
                  0000d0c0    00000004     application_pem4f.oem4f (.const:ti_sysbios_family_arm_lm4_Timer_numTimerDevices__C)
                  0000d0c4    00000004     application_pem4f.oem4f (.const:ti_sysbios_family_arm_lm4_Timer_startupNeeded__C)
                  0000d0c8    00000004     application_pem4f.oem4f (.const:ti_sysbios_family_arm_m3_Hwi_E_NMI__C)
                  0000d0cc    00000004     application_pem4f.oem4f (.const:ti_sysbios_family_arm_m3_Hwi_E_alreadyDefined__C)
                  0000d0d0    00000004     application_pem4f.oem4f (.const:ti_sysbios_family_arm_m3_Hwi_E_busFault__C)
                  0000d0d4    00000004     application_pem4f.oem4f (.const:ti_sysbios_family_arm_m3_Hwi_E_debugMon__C)
                  0000d0d8    00000004     application_pem4f.oem4f (.const:ti_sysbios_family_arm_m3_Hwi_E_hardFault__C)
                  0000d0dc    00000004     application_pem4f.oem4f (.const:ti_sysbios_family_arm_m3_Hwi_E_memFault__C)
                  0000d0e0    00000004     application_pem4f.oem4f (.const:ti_sysbios_family_arm_m3_Hwi_E_noIsr__C)
                  0000d0e4    00000004     application_pem4f.oem4f (.const:ti_sysbios_family_arm_m3_Hwi_E_reserved__C)
                  0000d0e8    00000004     application_pem4f.oem4f (.const:ti_sysbios_family_arm_m3_Hwi_E_svCall__C)
                  0000d0ec    00000004     application_pem4f.oem4f (.const:ti_sysbios_family_arm_m3_Hwi_E_usageFault__C)
                  0000d0f0    00000004     application_pem4f.oem4f (.const:ti_sysbios_family_arm_m3_Hwi_LD_end__C)
                  0000d0f4    00000004     application_pem4f.oem4f (.const:ti_sysbios_family_arm_m3_Hwi_LM_begin__C)
                  0000d0f8    00000004     application_pem4f.oem4f (.const:ti_sysbios_family_arm_m3_Hwi_Module__diagsEnabled__C)
                  0000d0fc    00000004     application_pem4f.oem4f (.const:ti_sysbios_family_arm_m3_Hwi_Module__diagsIncluded__C)
                  0000d100    00000004     application_pem4f.oem4f (.const:ti_sysbios_family_arm_m3_Hwi_Module__diagsMask__C)
                  0000d104    00000004     application_pem4f.oem4f (.const:ti_sysbios_family_arm_m3_Hwi_Module__loggerFxn1__C)
                  0000d108    00000004     application_pem4f.oem4f (.const:ti_sysbios_family_arm_m3_Hwi_Module__loggerFxn8__C)
                  0000d10c    00000004     application_pem4f.oem4f (.const:ti_sysbios_family_arm_m3_Hwi_Module__loggerObj__C)
                  0000d110    00000004     application_pem4f.oem4f (.const:ti_sysbios_family_arm_m3_Hwi_NUM_INTERRUPTS__C)
                  0000d114    00000004     application_pem4f.oem4f (.const:ti_sysbios_family_arm_m3_Hwi_Object__count__C)
                  0000d118    00000004     application_pem4f.oem4f (.const:ti_sysbios_family_arm_m3_Hwi_ccr__C)
                  0000d11c    00000004     application_pem4f.oem4f (.const:ti_sysbios_family_arm_m3_Hwi_excHandlerFunc__C)
                  0000d120    00000004     application_pem4f.oem4f (.const:ti_sysbios_family_arm_m3_Hwi_excHookFuncs__C)
                  0000d124    00000004     application_pem4f.oem4f (.const:ti_sysbios_family_arm_m3_Hwi_nullIsrFunc__C)
                  0000d128    00000004     application_pem4f.oem4f (.const:ti_sysbios_family_arm_m3_Hwi_priGroup__C)
                  0000d12c    00000004     application_pem4f.oem4f (.const:ti_sysbios_family_arm_m3_TaskSupport_stackAlignment__C)
                  0000d130    00000004     application_pem4f.oem4f (.const:ti_sysbios_gates_GateMutex_Instance_State_sem__O)
                  0000d134    00000004     application_pem4f.oem4f (.const:ti_sysbios_hal_Hwi_E_stackOverflow__C)
                  0000d138    00000004     application_pem4f.oem4f (.const:ti_sysbios_heaps_HeapBuf_Instance_State_freeList__O)
                  0000d13c    00000004     application_pem4f.oem4f (.const:ti_sysbios_heaps_HeapBuf_Object__count__C)
                  0000d140    00000004     application_pem4f.oem4f (.const:ti_sysbios_heaps_HeapBuf_numConstructedHeaps__C)
                  0000d144    00000004     application_pem4f.oem4f (.const:ti_sysbios_heaps_HeapMem_E_memory__C)
                  0000d148    00000004     application_pem4f.oem4f (.const:ti_sysbios_heaps_HeapMem_Module__gateObj__C)
                  0000d14c    00000004     application_pem4f.oem4f (.const:ti_sysbios_heaps_HeapMem_Object__count__C)
                  0000d150    00000004     application_pem4f.oem4f (.const:ti_sysbios_heaps_HeapMem_reqAlign__C)
                  0000d154    00000004     application_pem4f.oem4f (.const:ti_sysbios_knl_Clock_LM_begin__C)
                  0000d158    00000004     application_pem4f.oem4f (.const:ti_sysbios_knl_Clock_LM_tick__C)
                  0000d15c    00000004     application_pem4f.oem4f (.const:ti_sysbios_knl_Clock_LW_delayed__C)
                  0000d160    00000004     application_pem4f.oem4f (.const:ti_sysbios_knl_Clock_Module_State_clockQ__O)
                  0000d164    00000004     application_pem4f.oem4f (.const:ti_sysbios_knl_Clock_Module__diagsEnabled__C)
                  0000d168    00000004     application_pem4f.oem4f (.const:ti_sysbios_knl_Clock_Module__diagsIncluded__C)
                  0000d16c    00000004     application_pem4f.oem4f (.const:ti_sysbios_knl_Clock_Module__diagsMask__C)
                  0000d170    00000004     application_pem4f.oem4f (.const:ti_sysbios_knl_Clock_Module__loggerFxn1__C)
                  0000d174    00000004     application_pem4f.oem4f (.const:ti_sysbios_knl_Clock_Module__loggerFxn2__C)
                  0000d178    00000004     application_pem4f.oem4f (.const:ti_sysbios_knl_Clock_Module__loggerObj__C)
                  0000d17c    00000004     application_pem4f.oem4f (.const:ti_sysbios_knl_Mailbox_Instance_State_freeQue__O)
                  0000d180    00000004     application_pem4f.oem4f (.const:ti_sysbios_knl_Mailbox_Object__count__C)
                  0000d184    00000004     application_pem4f.oem4f (.const:ti_sysbios_knl_Mailbox_maxTypeAlign__C)
                  0000d188    00000004     application_pem4f.oem4f (.const:ti_sysbios_knl_Semaphore_Instance_State_pendQ__O)
                  0000d18c    00000004     application_pem4f.oem4f (.const:ti_sysbios_knl_Semaphore_LM_pend__C)
                  0000d190    00000004     application_pem4f.oem4f (.const:ti_sysbios_knl_Semaphore_LM_post__C)
                  0000d194    00000004     application_pem4f.oem4f (.const:ti_sysbios_knl_Semaphore_Module__diagsEnabled__C)
                  0000d198    00000004     application_pem4f.oem4f (.const:ti_sysbios_knl_Semaphore_Module__diagsIncluded__C)
                  0000d19c    00000004     application_pem4f.oem4f (.const:ti_sysbios_knl_Semaphore_Module__diagsMask__C)
                  0000d1a0    00000004     application_pem4f.oem4f (.const:ti_sysbios_knl_Semaphore_Module__loggerFxn2__C)
                  0000d1a4    00000004     application_pem4f.oem4f (.const:ti_sysbios_knl_Semaphore_Module__loggerFxn4__C)
                  0000d1a8    00000004     application_pem4f.oem4f (.const:ti_sysbios_knl_Semaphore_Module__loggerObj__C)
                  0000d1ac    00000004     application_pem4f.oem4f (.const:ti_sysbios_knl_Swi_LD_end__C)
                  0000d1b0    00000004     application_pem4f.oem4f (.const:ti_sysbios_knl_Swi_LM_begin__C)
                  0000d1b4    00000004     application_pem4f.oem4f (.const:ti_sysbios_knl_Swi_LM_post__C)
                  0000d1b8    00000004     application_pem4f.oem4f (.const:ti_sysbios_knl_Swi_Module__diagsEnabled__C)
                  0000d1bc    00000004     application_pem4f.oem4f (.const:ti_sysbios_knl_Swi_Module__diagsIncluded__C)
                  0000d1c0    00000004     application_pem4f.oem4f (.const:ti_sysbios_knl_Swi_Module__diagsMask__C)
                  0000d1c4    00000004     application_pem4f.oem4f (.const:ti_sysbios_knl_Swi_Module__loggerFxn1__C)
                  0000d1c8    00000004     application_pem4f.oem4f (.const:ti_sysbios_knl_Swi_Module__loggerFxn4__C)
                  0000d1cc    00000004     application_pem4f.oem4f (.const:ti_sysbios_knl_Swi_Module__loggerObj__C)
                  0000d1d0    00000004     application_pem4f.oem4f (.const:ti_sysbios_knl_Swi_Object__count__C)
                  0000d1d4    00000004     application_pem4f.oem4f (.const:ti_sysbios_knl_Task_E_spOutOfBounds__C)
                  0000d1d8    00000004     application_pem4f.oem4f (.const:ti_sysbios_knl_Task_E_stackOverflow__C)
                  0000d1dc    00000004     application_pem4f.oem4f (.const:ti_sysbios_knl_Task_LD_block__C)
                  0000d1e0    00000004     application_pem4f.oem4f (.const:ti_sysbios_knl_Task_LD_exit__C)
                  0000d1e4    00000004     application_pem4f.oem4f (.const:ti_sysbios_knl_Task_LD_ready__C)
                  0000d1e8    00000004     application_pem4f.oem4f (.const:ti_sysbios_knl_Task_LM_sleep__C)
                  0000d1ec    00000004     application_pem4f.oem4f (.const:ti_sysbios_knl_Task_LM_switch__C)
                  0000d1f0    00000004     application_pem4f.oem4f (.const:ti_sysbios_knl_Task_Module_State_inactiveQ__O)
                  0000d1f4    00000004     application_pem4f.oem4f (.const:ti_sysbios_knl_Task_Module__diagsEnabled__C)
                  0000d1f8    00000004     application_pem4f.oem4f (.const:ti_sysbios_knl_Task_Module__diagsIncluded__C)
                  0000d1fc    00000004     application_pem4f.oem4f (.const:ti_sysbios_knl_Task_Module__diagsMask__C)
                  0000d200    00000004     application_pem4f.oem4f (.const:ti_sysbios_knl_Task_Module__loggerFxn2__C)
                  0000d204    00000004     application_pem4f.oem4f (.const:ti_sysbios_knl_Task_Module__loggerFxn4__C)
                  0000d208    00000004     application_pem4f.oem4f (.const:ti_sysbios_knl_Task_Module__loggerObj__C)
                  0000d20c    00000004     application_pem4f.oem4f (.const:ti_sysbios_knl_Task_Object__count__C)
                  0000d210    00000004     application_pem4f.oem4f (.const:ti_sysbios_knl_Task_Object__heap__C)
                  0000d214    00000004     application_pem4f.oem4f (.const:ti_sysbios_knl_Task_allBlockedFunc__C)
                  0000d218    00000004     application_pem4f.oem4f (.const:ti_sysbios_knl_Task_defaultStackHeap__C)
                  0000d21c    00000004     application_pem4f.oem4f (.const:ti_sysbios_knl_Task_defaultStackSize__C)
                  0000d220    00000004     application_pem4f.oem4f (.const:ti_sysbios_knl_Task_numConstructedTasks__C)
                  0000d224    00000004     application_pem4f.oem4f (.const:ti_sysbios_utils_Load_LS_cpuLoad__C)
                  0000d228    00000004     application_pem4f.oem4f (.const:ti_sysbios_utils_Load_Module__diagsEnabled__C)
                  0000d22c    00000004     application_pem4f.oem4f (.const:ti_sysbios_utils_Load_Module__diagsIncluded__C)
                  0000d230    00000004     application_pem4f.oem4f (.const:ti_sysbios_utils_Load_Module__diagsMask__C)
                  0000d234    00000004     application_pem4f.oem4f (.const:ti_sysbios_utils_Load_Module__loggerFxn1__C)
                  0000d238    00000004     application_pem4f.oem4f (.const:ti_sysbios_utils_Load_Module__loggerObj__C)
                  0000d23c    00000004     application_pem4f.oem4f (.const:ti_sysbios_utils_Load_postUpdate__C)
                  0000d240    00000004     application_pem4f.oem4f (.const:ti_sysbios_utils_Load_windowInMs__C)
                  0000d244    00000004     application_pem4f.oem4f (.const:ti_uia_events_UIASnapshot_nameOfReference__C)
                  0000d248    00000004     application_pem4f.oem4f (.const:ti_uia_loggers_LoggerStopMode_Module__diagsEnabled__C)
                  0000d24c    00000004     application_pem4f.oem4f (.const:ti_uia_loggers_LoggerStopMode_Module__diagsIncluded__C)
                  0000d250    00000004     application_pem4f.oem4f (.const:ti_uia_loggers_LoggerStopMode_Module__diagsMask__C)
                  0000d254    00000004     application_pem4f.oem4f (.const:ti_uia_loggers_LoggerStopMode_Object__count__C)
                  0000d258    00000004     application_pem4f.oem4f (.const:ti_uia_runtime_ILoggerSnapshot_Interface__BASE__C)
                  0000d25c    00000004     application_pem4f.oem4f (.const:ti_uia_runtime_IUIATransfer_Interface__BASE__C)
                  0000d260    00000004     application_pem4f.oem4f (.const:ti_uia_runtime_LogSnapshot_loggerMemoryRangeFxn__C)
                  0000d264    00000004     application_pem4f.oem4f (.const:ti_uia_runtime_LogSnapshot_loggerObj__C)
                  0000d268    00000004     application_pem4f.oem4f (.const:xdc_runtime_Assert_E_assertFailed__C)
                  0000d26c    00000004     application_pem4f.oem4f (.const:xdc_runtime_Core_A_initializedParams__C)
                  0000d270    00000004     application_pem4f.oem4f (.const:xdc_runtime_Core_Module__diagsEnabled__C)
                  0000d274    00000004     application_pem4f.oem4f (.const:xdc_runtime_Core_Module__diagsIncluded__C)
                  0000d278    00000004     application_pem4f.oem4f (.const:xdc_runtime_Core_Module__diagsMask__C)
                  0000d27c    00000004     application_pem4f.oem4f (.const:xdc_runtime_Error_E_memory__C)
                  0000d280    00000004     application_pem4f.oem4f (.const:xdc_runtime_Error_Module__diagsEnabled__C)
                  0000d284    00000004     application_pem4f.oem4f (.const:xdc_runtime_Error_Module__diagsIncluded__C)
                  0000d288    00000004     application_pem4f.oem4f (.const:xdc_runtime_Error_Module__diagsMask__C)
                  0000d28c    00000004     application_pem4f.oem4f (.const:xdc_runtime_Error_Module__loggerFxn8__C)
                  0000d290    00000004     application_pem4f.oem4f (.const:xdc_runtime_Error_Module__loggerObj__C)
                  0000d294    00000004     application_pem4f.oem4f (.const:xdc_runtime_Error_policyFxn__C)
                  0000d298    00000004     application_pem4f.oem4f (.const:xdc_runtime_Error_raiseHook__C)
                  0000d29c    00000004     application_pem4f.oem4f (.const:xdc_runtime_IFilterLogger_Interface__BASE__C)
                  0000d2a0    00000004     application_pem4f.oem4f (.const:xdc_runtime_IGateProvider_Interface__BASE__C)
                  0000d2a4    00000004     application_pem4f.oem4f (.const:xdc_runtime_IHeap_Interface__BASE__C)
                  0000d2a8    00000004     application_pem4f.oem4f (.const:xdc_runtime_ILogger_Interface__BASE__C)
                  0000d2ac    00000004     application_pem4f.oem4f (.const:xdc_runtime_IModule_Interface__BASE__C)
                  0000d2b0    00000004     application_pem4f.oem4f (.const:xdc_runtime_Log_L_error__C)
                  0000d2b4    00000004     application_pem4f.oem4f (.const:xdc_runtime_Memory_defaultHeapInstance__C)
                  0000d2b8    00000004     application_pem4f.oem4f (.const:xdc_runtime_Startup_execImpl__C)
                  0000d2bc    00000004     application_pem4f.oem4f (.const:xdc_runtime_Startup_lastFxns__A)
                  0000d2c0    00000004     application_pem4f.oem4f (.const:xdc_runtime_Startup_maxPasses__C)
                  0000d2c4    00000004     application_pem4f.oem4f (.const:xdc_runtime_Startup_sfxnRts__C)
                  0000d2c8    00000004     application_pem4f.oem4f (.const:xdc_runtime_Startup_sfxnTab__C)
                  0000d2cc    00000004     application_pem4f.oem4f (.const:xdc_runtime_SysMin_bufSize__C)
                  0000d2d0    00000004     application_pem4f.oem4f (.const:xdc_runtime_SysMin_outputFunc__C)
                  0000d2d4    00000004     application_pem4f.oem4f (.const:xdc_runtime_System_Module__gateObj__C)
                  0000d2d8    00000004     application_pem4f.oem4f (.const:xdc_runtime_System_abortFxn__C)
                  0000d2dc    00000004     application_pem4f.oem4f (.const:xdc_runtime_System_exitFxn__C)
                  0000d2e0    00000004     application_pem4f.oem4f (.const:xdc_runtime_System_extendFxn__C)
                  0000d2e4    00000004     application_pem4f.oem4f (.const:xdc_runtime_System_maxAtexitHandlers__C)
                  0000d2e8    00000004     application_pem4f.oem4f (.const:xdc_runtime_Text_charTab__C)
                  0000d2ec    00000004     application_pem4f.oem4f (.const:xdc_runtime_Text_nameEmpty__C)
                  0000d2f0    00000004     application_pem4f.oem4f (.const:xdc_runtime_Text_nameStatic__C)
                  0000d2f4    00000004     application_pem4f.oem4f (.const:xdc_runtime_Text_nameUnknown__C)
                  0000d2f8    00000004     application_pem4f.oem4f (.const:xdc_runtime_Text_nodeTab__C)
                  0000d2fc    00000004     application_pem4f.oem4f (.const:xdc_runtime_Text_visitRopeFxn__C)
                  0000d300    00000002     application_pem4f.oem4f (.const:ti_sysbios_family_arm_m3_Hwi_Module__loggerDefined__C)
                  0000d302    00000002     application_pem4f.oem4f (.const:ti_sysbios_hal_Hwi_Module__id__C)
                  0000d304    00000002     application_pem4f.oem4f (.const:ti_sysbios_heaps_HeapMem_Module__id__C)
                  0000d306    00000002     application_pem4f.oem4f (.const:ti_sysbios_knl_Clock_Module__id__C)
                  0000d308    00000002     application_pem4f.oem4f (.const:ti_sysbios_knl_Clock_Module__loggerDefined__C)
                  0000d30a    00000002     application_pem4f.oem4f (.const:ti_sysbios_knl_Semaphore_Module__id__C)
                  0000d30c    00000002     application_pem4f.oem4f (.const:ti_sysbios_knl_Semaphore_Module__loggerDefined__C)
                  0000d30e    00000002     application_pem4f.oem4f (.const:ti_sysbios_knl_Swi_Module__id__C)
                  0000d310    00000002     application_pem4f.oem4f (.const:ti_sysbios_knl_Swi_Module__loggerDefined__C)
                  0000d312    00000002     application_pem4f.oem4f (.const:ti_sysbios_knl_Task_Module__id__C)
                  0000d314    00000002     application_pem4f.oem4f (.const:ti_sysbios_knl_Task_Module__loggerDefined__C)
                  0000d316    00000002     application_pem4f.oem4f (.const:ti_sysbios_utils_Load_Module__id__C)
                  0000d318    00000002     application_pem4f.oem4f (.const:ti_sysbios_utils_Load_Module__loggerDefined__C)
                  0000d31a    00000002     application_pem4f.oem4f (.const:ti_sysbios_utils_Load_updateInIdle__C)
                  0000d31c    00000002     application_pem4f.oem4f (.const:ti_uia_loggers_LoggerStopMode_Module__id__C)
                  0000d31e    00000002     application_pem4f.oem4f (.const:ti_uia_loggers_LoggerStopMode_isTimestampEnabled__C)
                  0000d320    00000002     application_pem4f.oem4f (.const:xdc_runtime_Core_Module__id__C)
                  0000d322    00000002     application_pem4f.oem4f (.const:xdc_runtime_Error_Module__loggerDefined__C)
                  0000d324    00000002     application_pem4f.oem4f (.const:xdc_runtime_Error_maxDepth__C)
                  0000d326    00000002     application_pem4f.oem4f (.const:xdc_runtime_Main_Module__id__C)
                  0000d328    00000002     application_pem4f.oem4f (.const:xdc_runtime_Memory_Module__id__C)
                  0000d32a    00000002     application_pem4f.oem4f (.const:xdc_runtime_SysMin_flushAtExit__C)
                  0000d32c    00000002     application_pem4f.oem4f (.const:xdc_runtime_Text_charCnt__C)
                  0000d32e    00000002     application_pem4f.oem4f (.const:xdc_runtime_Text_isLoaded__C)
                  0000d330    00000002     application_pem4f.oem4f (.const:xdc_runtime_Text_registryModsLastId__C)
                  0000d332    00000002     application_pem4f.oem4f (.const:xdc_runtime_Text_unnamedModsLastId__C)

.cinit     0    0000d338    0000031c     
                  0000d338    000002dc     (.cinit..data.load) [load image, compression = rle]
                  0000d614    00000004     --HOLE-- [fill = 0]
                  0000d618    0000000b     (.cinit..bss.load) [load image, compression = rle]
                  0000d623    00000005     --HOLE-- [fill = 0]
                  0000d628    0000000b     (.cinit..vecs.load) [load image, compression = rle]
                  0000d633    00000001     --HOLE-- [fill = 0]
                  0000d634    00000008     (__TI_handler_table)
                  0000d63c    00000018     (__TI_cinit_table)

.init_array 
*          0    00000000    00000000     UNINITIALIZED

.vecs      0    20000000    00000360     UNINITIALIZED
                  20000000    00000360     application_pem4f.oem4f (.vecs)

.bss       0    20000400    00006930     UNINITIALIZED
                  20000400    00005000     (.common:ti_sysbios_heaps_HeapMem_Instance_State_0_buf__A)
                  20005400    00000400     (.common:ti_uia_loggers_LoggerStopMode_Instance_State_1_packetArray__A)
[...]
0000d130  ti_sysbios_gates_GateMutex_Instance_State_sem__O                     
0000d134  ti_sysbios_hal_Hwi_E_stackOverflow__C                                
0000d138  ti_sysbios_heaps_HeapBuf_Instance_State_freeList__O                  
0000d13c  ti_sysbios_heaps_HeapBuf_Object__count__C                            
0000d140  ti_sysbios_heaps_HeapBuf_numConstructedHeaps__C                      
0000d144  ti_sysbios_heaps_HeapMem_E_memory__C                                 
0000d148  ti_sysbios_heaps_HeapMem_Module__gateObj__C                          
0000d14c  ti_sysbios_heaps_HeapMem_Object__count__C                            
0000d150  ti_sysbios_heaps_HeapMem_reqAlign__C                                 
0000d154  ti_sysbios_knl_Clock_LM_begin__C                                     
0000d158  ti_sysbios_knl_Clock_LM_tick__C                                      
0000d15c  ti_sysbios_knl_Clock_LW_delayed__C                                   
0000d160  ti_sysbios_knl_Clock_Module_State_clockQ__O                          
0000d164  ti_sysbios_knl_Clock_Module__diagsEnabled__C                         
0000d168  ti_sysbios_knl_Clock_Module__diagsIncluded__C                        
0000d16c  ti_sysbios_knl_Clock_Module__diagsMask__C                            
0000d170  ti_sysbios_knl_Clock_Module__loggerFxn1__C                           
0000d174  ti_sysbios_knl_Clock_Module__loggerFxn2__C                           
0000d178  ti_sysbios_knl_Clock_Module__loggerObj__C                            
0000d17c  ti_sysbios_knl_Mailbox_Instance_State_freeQue__O                     
0000d180  ti_sysbios_knl_Mailbox_Object__count__C                              
0000d184  ti_sysbios_knl_Mailbox_maxTypeAlign__C                               
0000d188  ti_sysbios_knl_Semaphore_Instance_State_pendQ__O                     
0000d18c  ti_sysbios_knl_Semaphore_LM_pend__C                                  
0000d190  ti_sysbios_knl_Semaphore_LM_post__C                                  
0000d194  ti_sysbios_knl_Semaphore_Module__diagsEnabled__C                     
0000d198  ti_sysbios_knl_Semaphore_Module__diagsIncluded__C                    
0000d19c  ti_sysbios_knl_Semaphore_Module__diagsMask__C                        
0000d1a0  ti_sysbios_knl_Semaphore_Module__loggerFxn2__C                       
0000d1a4  ti_sysbios_knl_Semaphore_Module__loggerFxn4__C                       
0000d1a8  ti_sysbios_knl_Semaphore_Module__loggerObj__C                        
0000d1ac  ti_sysbios_knl_Swi_LD_end__C                                         
0000d1b0  ti_sysbios_knl_Swi_LM_begin__C                                       
0000d1b4  ti_sysbios_knl_Swi_LM_post__C                                        
0000d1b8  ti_sysbios_knl_Swi_Module__diagsEnabled__C                           
0000d1bc  ti_sysbios_knl_Swi_Module__diagsIncluded__C                          
0000d1c0  ti_sysbios_knl_Swi_Module__diagsMask__C                              
0000d1c4  ti_sysbios_knl_Swi_Module__loggerFxn1__C                             
0000d1c8  ti_sysbios_knl_Swi_Module__loggerFxn4__C                             
0000d1cc  ti_sysbios_knl_Swi_Module__loggerObj__C                              
0000d1d0  ti_sysbios_knl_Swi_Object__count__C                                  
0000d1d4  ti_sysbios_knl_Task_E_spOutOfBounds__C                               
0000d1d8  ti_sysbios_knl_Task_E_stackOverflow__C                               
0000d1dc  ti_sysbios_knl_Task_LD_block__C                                      
0000d1e0  ti_sysbios_knl_Task_LD_exit__C                                       
0000d1e4  ti_sysbios_knl_Task_LD_ready__C                                      
0000d1e8  ti_sysbios_knl_Task_LM_sleep__C                                      
0000d1ec  ti_sysbios_knl_Task_LM_switch__C                                     
0000d1f0  ti_sysbios_knl_Task_Module_State_inactiveQ__O                        
0000d1f4  ti_sysbios_knl_Task_Module__diagsEnabled__C                          
0000d1f8  ti_sysbios_knl_Task_Module__diagsIncluded__C                         
0000d1fc  ti_sysbios_knl_Task_Module__diagsMask__C                             
0000d200  ti_sysbios_knl_Task_Module__loggerFxn2__C                            
0000d204  ti_sysbios_knl_Task_Module__loggerFxn4__C                            
0000d208  ti_sysbios_knl_Task_Module__loggerObj__C                             
0000d20c  ti_sysbios_knl_Task_Object__count__C                                 
0000d210  ti_sysbios_knl_Task_Object__heap__C                                  
0000d214  ti_sysbios_knl_Task_allBlockedFunc__C                                
0000d218  ti_sysbios_knl_Task_defaultStackHeap__C                              
0000d21c  ti_sysbios_knl_Task_defaultStackSize__C                              
0000d220  ti_sysbios_knl_Task_numConstructedTasks__C                           
0000d224  ti_sysbios_utils_Load_LS_cpuLoad__C                                  
0000d228  ti_sysbios_utils_Load_Module__diagsEnabled__C                        
0000d22c  ti_sysbios_utils_Load_Module__diagsIncluded__C                       
0000d230  ti_sysbios_utils_Load_Module__diagsMask__C                           
0000d234  ti_sysbios_utils_Load_Module__loggerFxn1__C                          
0000d238  ti_sysbios_utils_Load_Module__loggerObj__C                           
0000d23c  ti_sysbios_utils_Load_postUpdate__C                                  
0000d240  ti_sysbios_utils_Load_windowInMs__C                                  
0000d244  ti_uia_events_UIASnapshot_nameOfReference__C                         
0000d248  ti_uia_loggers_LoggerStopMode_Module__diagsEnabled__C                
0000d24c  ti_uia_loggers_LoggerStopMode_Module__diagsIncluded__C               
0000d250  ti_uia_loggers_LoggerStopMode_Module__diagsMask__C                   
0000d254  ti_uia_loggers_LoggerStopMode_Object__count__C                       
0000d258  ti_uia_runtime_ILoggerSnapshot_Interface__BASE__C                    
0000d25c  ti_uia_runtime_IUIATransfer_Interface__BASE__C                       
0000d260  ti_uia_runtime_LogSnapshot_loggerMemoryRangeFxn__C                   
0000d264  ti_uia_runtime_LogSnapshot_loggerObj__C                              
0000d268  xdc_runtime_Assert_E_assertFailed__C                                 
0000d26c  xdc_runtime_Core_A_initializedParams__C                              
0000d270  xdc_runtime_Core_Module__diagsEnabled__C                             
0000d274  xdc_runtime_Core_Module__diagsIncluded__C                            
0000d278  xdc_runtime_Core_Module__diagsMask__C                                
0000d27c  xdc_runtime_Error_E_memory__C                                        
0000d280  xdc_runtime_Error_Module__diagsEnabled__C                            
0000d284  xdc_runtime_Error_Module__diagsIncluded__C                           
0000d288  xdc_runtime_Error_Module__diagsMask__C                               
0000d28c  xdc_runtime_Error_Module__loggerFxn8__C                              
0000d290  xdc_runtime_Error_Module__loggerObj__C                               
0000d294  xdc_runtime_Error_policyFxn__C                                       
0000d298  xdc_runtime_Error_raiseHook__C                                       
0000d29c  xdc_runtime_IFilterLogger_Interface__BASE__C                         
0000d2a0  xdc_runtime_IGateProvider_Interface__BASE__C                         
0000d2a4  xdc_runtime_IHeap_Interface__BASE__C                                 
0000d2a8  xdc_runtime_ILogger_Interface__BASE__C                               
0000d2ac  xdc_runtime_IModule_Interface__BASE__C                               
0000d2b0  xdc_runtime_Log_L_error__C                                           
0000d2b4  xdc_runtime_Memory_defaultHeapInstance__C                            
0000d2b8  xdc_runtime_Startup_execImpl__C                                      
0000d2bc  xdc_runtime_Startup_lastFxns__A                                      
0000d2c0  xdc_runtime_Startup_maxPasses__C                                     
0000d2c4  xdc_runtime_Startup_sfxnRts__C                                       
0000d2c8  xdc_runtime_Startup_sfxnTab__C                                       
0000d2cc  xdc_runtime_SysMin_bufSize__C                                        
0000d2d0  xdc_runtime_SysMin_outputFunc__C                                     
0000d2d4  xdc_runtime_System_Module__gateObj__C                                
0000d2d8  xdc_runtime_System_abortFxn__C                                       
0000d2dc  xdc_runtime_System_exitFxn__C                                        
0000d2e0  xdc_runtime_System_extendFxn__C                                      
0000d2e4  xdc_runtime_System_maxAtexitHandlers__C                              
0000d2e8  xdc_runtime_Text_charTab__C                                          
0000d2ec  xdc_runtime_Text_nameEmpty__C                                        
0000d2f0  xdc_runtime_Text_nameStatic__C                                       
0000d2f4  xdc_runtime_Text_nameUnknown__C                                      
0000d2f8  xdc_runtime_Text_nodeTab__C                                          
0000d2fc  xdc_runtime_Text_visitRopeFxn__C                                     
0000d300  ti_sysbios_family_arm_m3_Hwi_Module__loggerDefined__C                
0000d302  ti_sysbios_hal_Hwi_Module__id__C                                     
0000d304  ti_sysbios_heaps_HeapMem_Module__id__C                               
0000d306  ti_sysbios_knl_Clock_Module__id__C                                   
0000d308  ti_sysbios_knl_Clock_Module__loggerDefined__C                        
0000d30a  ti_sysbios_knl_Semaphore_Module__id__C                               
0000d30c  ti_sysbios_knl_Semaphore_Module__loggerDefined__C                    
0000d30e  ti_sysbios_knl_Swi_Module__id__C                                     
0000d310  ti_sysbios_knl_Swi_Module__loggerDefined__C                          
0000d312  ti_sysbios_knl_Task_Module__id__C                                    
0000d314  ti_sysbios_knl_Task_Module__loggerDefined__C                         
0000d316  ti_sysbios_utils_Load_Module__id__C                                  
0000d318  ti_sysbios_utils_Load_Module__loggerDefined__C                       
0000d31a  ti_sysbios_utils_Load_updateInIdle__C                                
0000d31c  ti_uia_loggers_LoggerStopMode_Module__id__C                          
0000d31e  ti_uia_loggers_LoggerStopMode_isTimestampEnabled__C                  
0000d320  xdc_runtime_Core_Module__id__C                                       
0000d322  xdc_runtime_Error_Module__loggerDefined__C                           
0000d324  xdc_runtime_Error_maxDepth__C                                        
0000d326  xdc_runtime_Main_Module__id__C                                       
0000d328  xdc_runtime_Memory_Module__id__C                                     
0000d32a  xdc_runtime_SysMin_flushAtExit__C                                    
0000d32c  xdc_runtime_Text_charCnt__C                                          
0000d32e  xdc_runtime_Text_isLoaded__C                                         
0000d330  xdc_runtime_Text_registryModsLastId__C                               
0000d332  xdc_runtime_Text_unnamedModsLastId__C                                
0000d338  __TI_static_base__                                                   
0000d634  __TI_Handler_Table_Base                                              
0000d63c  __TI_CINIT_Base                                                      
0000d63c  __TI_Handler_Table_Limit                                             
0000d654  __TI_CINIT_Limit                                                     
20000000  ti_sysbios_family_arm_m3_Hwi_ramVectors                              
20000400  ti_sysbios_heaps_HeapMem_Instance_State_0_buf__A                     
20005400  ti_uia_loggers_LoggerStopMode_Instance_State_1_packetArray__A        
20005800  ti_uia_loggers_LoggerStopMode_Instance_State_2_packetArray__A        
20005c00  xdc_runtime_SysMin_Module_State_0_outbuf__A                          
20006000  ti_sysbios_family_arm_m3_Hwi_dispatchTable                           
20006360  __TI_tmpnams                                                         
20006600  ti_sysbios_knl_Task_Instance_State_0_stack__A                        
20006800  ti_uia_loggers_LoggerStopMode_Instance_State_0_packetArray__A        
20006a00  __CIOBUF_                                                            
20006bb0  spiTivaDMAObjects                                                    
20006c00  ti_uia_loggers_LoggerStopMode_Instance_State_0_hdr__A                
20006c54  ti_sysbios_knl_Task_Instance_State_0_hookEnv__A                      
20006c60  spiTivaDMAscratchBuf                                                 
20006c80  ti_uia_loggers_LoggerStopMode_Instance_State_1_hdr__A                
20006d00  ti_uia_loggers_LoggerStopMode_Instance_State_2_hdr__A                
20006d30  __stack                                                              
20006f30  __STACK_TOP                                                          
20007d30  __STACK_END                                                          
20007d30  _ftable                                                              
20007ef0  ti_uia_loggers_LoggerStopMode_Object__table__V                       
20007f98  ti_sysbios_utils_Load_Module__state__V                               
20008030  ti_sysbios_family_arm_lm4_Timer_Object__table__V                     
200080b8  ti_sysbios_knl_Swi_Module_State_0_readyQ__A                          
20008138  ti_sysbios_knl_Task_Module_State_0_readyQ__A                         
200081b8  ti_sysbios_knl_Task_Object__table__V                                 
20008208  ti_sysbios_gates_GateMutex_Object__table__V                          
20008250  ti_sysbios_knl_Task_Module__state__V                                 
20008294  ti_sysbios_family_arm_lm4_Timer_Module_State_0_device__A             
200082d4  ti_sysbios_family_arm_m3_Hwi_Object__table__V                        
2000830c  ti_sysbios_family_arm_m3_Hwi_Module__state__V                        
20008340  ti_sysbios_knl_Swi_Object__table__V                                  
20008374  ti_sysbios_knl_Clock_Module__state__V                                
200083a0  ti_sysbios_BIOS_Module__state__V                                     
200083c4  ti_sysbios_family_arm_lm4_Timer_Module_State_0_handles__A            
200083e4  xdc_runtime_System_Module_State_0_atexitHandlers__A                  
20008404  ti_sysbios_heaps_HeapMem_Object__table__V                            
20008420  ti_sysbios_knl_Swi_Module__state__V                                  
2000843c  gpioPinConfigs                                                       
2000844c  __TI_ft_end                                                          
20008450  __aeabi_stdin                                                        
20008454  __aeabi_stdout                                                       
20008458  __aeabi_stderr                                                       
2000845c  __TI_cleanup_ptr                                                     
20008460  __TI_dtors_ptr                                                       
20008464  __TI_enable_exit_profile_output                                      
20008468  ti_sysbios_family_arm_lm4_Timer_Module__state__V                     
20008474  ti_sysbios_knl_Task_Module__root__V                                  
20008480  ti_uia_runtime_QueueDescriptor_Module__state__V                      
2000848c  xdc_runtime_SysMin_Module__state__V                                  
20008498  _lock                                                                
2000849c  _unlock                                                              
200084a0  gpioCallbackFunctions                                                
200084a8  ti_uia_runtime_QueueDescriptor_gPtrToFirstDescriptor                 
200084ac  ti_uia_runtime_QueueDescriptor_gUpdateCount                          
200084b0  ti_sysbios_family_arm_lm4_TimestampProvider_Module__state__V         
200084b8  ti_sysbios_family_arm_m3_Hwi_Module__root__V                         
200084c0  ti_sysbios_gates_GateHwi_Module__root__V                             
200084c8  ti_sysbios_gates_GateHwi_Object__table__V                            
200084d0  ti_sysbios_gates_GateMutex_Module__root__V                           
200084d8  ti_sysbios_heaps_HeapMem_Module__root__V                             
200084e0  ti_sysbios_knl_Queue_Module__root__V                                 
200084e8  ti_sysbios_knl_Semaphore_Module__root__V                             
200084f0  ti_uia_loggers_LoggerStopMode_Module__root__V                        
200084f8  xdc_runtime_Registry_Module__state__V                                
20008500  xdc_runtime_Startup_Module__state__V                                 
20008508  xdc_runtime_System_Module__state__V                                  
20008516  ti_sysbios_family_arm_m3_Hwi_Module_State_0_excActive__A             
2000851c  errno                                                                
20008524  main_func_sp                                                         
20008528  ti_sysbios_family_arm_m3_Hwi_Module_State_0_excContext__A            
2000852c  ti_sysbios_family_arm_m3_Hwi_Module_State_0_excStack__A              
20008530  ti_sysbios_heaps_HeapBuf_Module__state__V                            
20008534  ti_sysbios_knl_Task_Module_State_0_idleTask__A                       
20008538  ti_sysbios_utils_Load_Module_State_0_runningTask__A                  
2000853c  ti_sysbios_utils_Load_Module_State_0_taskStartTime__A                
20008540  xdc_runtime_Memory_Module__state__V                                  
20008544  xdc_runtime_Error_Module__state__V                                   
e000e000  ti_sysbios_family_arm_m3_Hwi_nvic                                    
ffffffff  __TI_pprof_out_hndl                                                  
ffffffff  __TI_prof_data_size                                                  
ffffffff  __TI_prof_data_start                                                 
ffffffff  __binit__                                                            
ffffffff  __c_args__                                                           
ffffffff  binit                                                                
UNDEFED   NDK_connect                                                          
UNDEFED   NDK_getsockopt                                                       
UNDEFED   NDK_recv                                                             
UNDEFED   NDK_send                                                             
UNDEFED   NDK_setsockopt                                                       
UNDEFED   NDK_socket                                                           
UNDEFED   SHT$$INIT_ARRAY$$Base                                                
UNDEFED   SHT$$INIT_ARRAY$$Limit                                               
UNDEFED   fdClose                                                              
UNDEFED   fdSelect                                                             
UNDEFED   fdsetTestEntry                                                       
UNDEFED   freeaddrinfo                                                         
UNDEFED   getaddrinfo                                                          
UNDEFED   mqtt_msg_callback                                                    

[833 symbols]
